2026-07-08T11:35:33,687 [main] INFO  a.f.a.t.Tool$ - # APALACHE version: 0.56.1 | build: 70cdaf4
2026-07-08T11:35:33,694 [main] INFO  a.f.a.t.t.o.ServerCmd - Starting checker server on port 8822...
2026-07-08T11:35:43,680 [zio-default-async-5] INFO  a.f.a.i.p.PassChainExecutor - PASS #0: SanyParser
2026-07-08T11:35:44,214 [zio-default-async-5] DEBUG a.f.a.i.p.PassChainExecutor - PASS #0: SanyParser [OK]
2026-07-08T11:35:44,214 [zio-default-async-5] INFO  a.f.a.i.p.PassChainExecutor - PASS #1: TypeCheckerSnowcat
2026-07-08T11:35:44,214 [zio-default-async-5] INFO  a.f.a.t.p.t.EtcTypeCheckerPassImpl -  > Running Snowcat .::.
2026-07-08T11:35:46,285 [zio-default-async-5] INFO  a.f.a.t.p.t.EtcTypeCheckerPassImpl -  > Your types are purrfect!
2026-07-08T11:35:46,285 [zio-default-async-5] INFO  a.f.a.t.p.t.EtcTypeCheckerPassImpl -  > All expressions are typed
2026-07-08T11:35:46,285 [zio-default-async-5] DEBUG a.f.a.i.p.PassChainExecutor - PASS #1: TypeCheckerSnowcat [OK]
2026-07-08T11:35:46,286 [zio-default-async-5] INFO  a.f.a.i.p.PassChainExecutor - PASS #2: ConfigurationPass
2026-07-08T11:35:46,290 [zio-default-async-5] INFO  a.f.a.t.p.p.ConfigurationPassImpl -   > Set the initialization predicate to q::init
2026-07-08T11:35:46,291 [zio-default-async-5] INFO  a.f.a.t.p.p.ConfigurationPassImpl -   > Set the transition predicate to q::step
2026-07-08T11:35:46,291 [zio-default-async-5] INFO  a.f.a.t.p.p.ConfigurationPassImpl -   > Set an invariant to q::inv
2026-07-08T11:35:46,296 [zio-default-async-5] DEBUG a.f.a.i.p.PassChainExecutor - PASS #2: ConfigurationPass [OK]
2026-07-08T11:35:46,296 [zio-default-async-5] INFO  a.f.a.i.p.PassChainExecutor - PASS #3: DesugarerPass
2026-07-08T11:35:46,296 [zio-default-async-5] INFO  a.f.a.t.p.p.DesugarerPassImpl -   > Desugaring...
2026-07-08T11:35:46,315 [zio-default-async-5] DEBUG a.f.a.i.p.PassChainExecutor - PASS #3: DesugarerPass [OK]
2026-07-08T11:35:46,316 [zio-default-async-5] INFO  a.f.a.i.p.PassChainExecutor - PASS #4: InlinePass
2026-07-08T11:35:46,316 [zio-default-async-5] INFO  a.f.a.t.p.p.InlinePassImpl - Leaving only relevant operators: CInitPrimed, q::init, q::initPrimed, q::inv, q::step
2026-07-08T11:35:46,419 [zio-default-async-5] DEBUG a.f.a.i.p.PassChainExecutor - PASS #4: InlinePass [OK]
2026-07-08T11:35:46,419 [zio-default-async-5] INFO  a.f.a.i.p.PassChainExecutor - PASS #5: TemporalPass
2026-07-08T11:35:46,420 [zio-default-async-5] INFO  a.f.a.t.p.p.TemporalPassImpl -   > Rewriting temporal operators...
2026-07-08T11:35:46,420 [zio-default-async-5] INFO  a.f.a.t.p.p.TemporalPassImpl -   > No temporal property specified, nothing to encode
2026-07-08T11:35:46,420 [zio-default-async-5] DEBUG a.f.a.i.p.PassChainExecutor - PASS #5: TemporalPass [OK]
2026-07-08T11:35:46,420 [zio-default-async-5] INFO  a.f.a.i.p.PassChainExecutor - PASS #6: InlinePass
2026-07-08T11:35:46,420 [zio-default-async-5] INFO  a.f.a.t.p.p.InlinePassImpl - Leaving only relevant operators: CInitPrimed, q::init, q::initPrimed, q::inv, q::step
2026-07-08T11:35:46,445 [zio-default-async-5] DEBUG a.f.a.i.p.PassChainExecutor - PASS #6: InlinePass [OK]
2026-07-08T11:35:46,446 [zio-default-async-5] INFO  a.f.a.i.p.PassChainExecutor - PASS #7: PrimingPass
2026-07-08T11:35:46,448 [zio-default-async-5] INFO  a.f.a.t.p.a.PrimingPassImpl -   > Introducing q::initPrimed for q::init'
2026-07-08T11:35:46,449 [zio-default-async-5] DEBUG a.f.a.i.p.PassChainExecutor - PASS #7: PrimingPass [OK]
2026-07-08T11:35:46,449 [zio-default-async-5] INFO  a.f.a.i.p.PassChainExecutor - PASS #8: VCGen
2026-07-08T11:35:46,450 [zio-default-async-5] INFO  a.f.a.t.b.p.VCGenPassImpl -   > Producing verification conditions from the invariant q::inv
2026-07-08T11:35:46,460 [zio-default-async-5] INFO  a.f.a.t.b.VCGenerator -   > VCGen produced 8 verification condition(s)
2026-07-08T11:35:46,463 [zio-default-async-5] DEBUG a.f.a.i.p.PassChainExecutor - PASS #8: VCGen [OK]
2026-07-08T11:35:46,463 [zio-default-async-5] INFO  a.f.a.i.p.PassChainExecutor - PASS #9: PreprocessingPass
2026-07-08T11:35:46,463 [zio-default-async-5] INFO  a.f.a.t.p.p.PreproPassImpl -   > Before preprocessing: unique renaming
2026-07-08T11:35:46,471 [zio-default-async-5] INFO  a.f.a.t.p.p.PreproPassImpl -  > Applying standard transformations:
2026-07-08T11:35:46,472 [zio-default-async-5] INFO  a.f.a.t.p.p.PreproPassImpl -   > PrimePropagation
2026-07-08T11:35:46,476 [zio-default-async-5] INFO  a.f.a.t.p.p.PreproPassImpl -   > Desugarer
2026-07-08T11:35:46,481 [zio-default-async-5] INFO  a.f.a.t.p.p.PreproPassImpl -   > UniqueRenamer
2026-07-08T11:35:46,493 [zio-default-async-5] INFO  a.f.a.t.p.p.PreproPassImpl -   > Normalizer
2026-07-08T11:35:46,499 [zio-default-async-5] INFO  a.f.a.t.p.p.PreproPassImpl -   > Keramelizer
2026-07-08T11:35:46,516 [zio-default-async-5] INFO  a.f.a.t.p.p.PreproPassImpl -   > After preprocessing: UniqueRenamer
2026-07-08T11:35:46,525 [zio-default-async-5] DEBUG a.f.a.i.p.PassChainExecutor - PASS #9: PreprocessingPass [OK]
2026-07-08T11:35:46,526 [zio-default-async-5] INFO  a.f.a.i.p.PassChainExecutor - PASS #10: TransitionFinderPass
2026-07-08T11:35:46,534 [zio-default-async-5] INFO  a.f.a.t.p.a.TransitionPassImpl -   > Found 1 initializing transitions
2026-07-08T11:35:46,554 [zio-default-async-5] INFO  a.f.a.t.p.a.TransitionPassImpl -   > Found 9 transitions
2026-07-08T11:35:46,555 [zio-default-async-5] INFO  a.f.a.t.p.a.TransitionPassImpl -   > No constant initializer
2026-07-08T11:35:46,556 [zio-default-async-5] INFO  a.f.a.t.p.a.TransitionPassImpl -   > Applying unique renaming
2026-07-08T11:35:46,564 [zio-default-async-5] DEBUG a.f.a.i.p.PassChainExecutor - PASS #10: TransitionFinderPass [OK]
2026-07-08T11:35:46,564 [zio-default-async-5] INFO  a.f.a.i.p.PassChainExecutor - PASS #11: OptimizationPass
2026-07-08T11:35:46,570 [zio-default-async-5] INFO  a.f.a.t.p.p.OptPassImpl -  > Applying optimizations:
2026-07-08T11:35:46,571 [zio-default-async-5] INFO  a.f.a.t.p.p.OptPassImpl -   > ConstSimplifier
2026-07-08T11:35:46,583 [zio-default-async-5] INFO  a.f.a.t.p.p.OptPassImpl -   > ExprOptimizer
2026-07-08T11:35:46,588 [zio-default-async-5] INFO  a.f.a.t.p.p.OptPassImpl -   > SetMembershipSimplifier
2026-07-08T11:35:46,591 [zio-default-async-5] INFO  a.f.a.t.p.p.OptPassImpl -   > ConstSimplifier
2026-07-08T11:35:46,601 [zio-default-async-5] DEBUG a.f.a.i.p.PassChainExecutor - PASS #11: OptimizationPass [OK]
2026-07-08T11:35:46,601 [zio-default-async-5] INFO  a.f.a.i.p.PassChainExecutor - PASS #12: AnalysisPass
2026-07-08T11:35:46,603 [zio-default-async-5] INFO  a.f.a.t.b.p.AnalysisPassImpl -  > Marking skolemizable existentials and sets to be expanded...
2026-07-08T11:35:46,603 [zio-default-async-5] INFO  a.f.a.t.b.p.AnalysisPassImpl -   > Skolemization
2026-07-08T11:35:46,604 [zio-default-async-5] INFO  a.f.a.t.b.p.AnalysisPassImpl -   > Expansion
2026-07-08T11:35:46,608 [zio-default-async-5] INFO  a.f.a.t.b.p.AnalysisPassImpl -   > Remove unused let-in defs
2026-07-08T11:35:46,613 [zio-default-async-5] INFO  a.f.a.t.b.p.AnalysisPassImpl -  > Running analyzers...
2026-07-08T11:35:46,616 [zio-default-async-5] INFO  a.f.a.t.b.p.AnalysisPassImpl -   > Introduced expression grades
2026-07-08T11:35:46,616 [zio-default-async-5] DEBUG a.f.a.i.p.PassChainExecutor - PASS #12: AnalysisPass [OK]
2026-07-08T11:35:46,616 [zio-default-async-5] INFO  a.f.a.i.p.PassChainExecutor - PASS #13: BoundedChecker
2026-07-08T11:35:46,631 [zio-default-async-5] DEBUG a.f.a.t.b.s.Z3SolverContext - Creating Z3 solver context 0
2026-07-08T11:35:46,853 [zio-default-async-5] DEBUG a.f.a.t.b.t.TransitionExecutorImpl - Step #0, transition #0
2026-07-08T11:35:46,853 [zio-default-async-5] DEBUG a.f.a.t.b.t.TransitionExecutorImpl - Translating to SMT
2026-07-08T11:35:46,888 [zio-default-async-5] DEBUG a.f.a.t.b.SeqModelChecker - Step 0: Transition #0. Is it enabled?
2026-07-08T11:35:46,890 [zio-default-async-5] DEBUG a.f.a.t.b.SeqModelChecker - Step 0: Transition #0 is enabled
2026-07-08T11:35:46,890 [zio-default-async-5] INFO  a.f.a.t.b.SeqModelChecker - State 0: Checking 8 state invariants
2026-07-08T11:35:46,891 [zio-default-async-5] DEBUG a.f.a.t.b.SeqModelChecker - State 0: Checking state invariant 0
2026-07-08T11:35:46,897 [zio-default-async-5] INFO  a.f.a.t.b.SeqModelChecker - State 0: state invariant 0 holds.
2026-07-08T11:35:46,899 [zio-default-async-5] DEBUG a.f.a.t.b.SeqModelChecker - State 0: Checking state invariant 1
2026-07-08T11:35:46,900 [zio-default-async-5] INFO  a.f.a.t.b.SeqModelChecker - State 0: state invariant 1 holds.
2026-07-08T11:35:46,901 [zio-default-async-5] DEBUG a.f.a.t.b.SeqModelChecker - State 0: Checking state invariant 2
2026-07-08T11:35:46,901 [zio-default-async-5] INFO  a.f.a.t.b.SeqModelChecker - State 0: state invariant 2 holds.
2026-07-08T11:35:46,902 [zio-default-async-5] DEBUG a.f.a.t.b.SeqModelChecker - State 0: Checking state invariant 3
2026-07-08T11:35:46,902 [zio-default-async-5] INFO  a.f.a.t.b.SeqModelChecker - State 0: state invariant 3 holds.
2026-07-08T11:35:46,902 [zio-default-async-5] DEBUG a.f.a.t.b.SeqModelChecker - State 0: Checking state invariant 4
2026-07-08T11:35:46,903 [zio-default-async-5] INFO  a.f.a.t.b.SeqModelChecker - State 0: state invariant 4 holds.
2026-07-08T11:35:46,903 [zio-default-async-5] DEBUG a.f.a.t.b.SeqModelChecker - State 0: Checking state invariant 5
2026-07-08T11:35:46,904 [zio-default-async-5] INFO  a.f.a.t.b.SeqModelChecker - State 0: state invariant 5 holds.
2026-07-08T11:35:46,904 [zio-default-async-5] DEBUG a.f.a.t.b.SeqModelChecker - State 0: Checking state invariant 6
2026-07-08T11:35:46,905 [zio-default-async-5] INFO  a.f.a.t.b.SeqModelChecker - State 0: state invariant 6 holds.
2026-07-08T11:35:46,905 [zio-default-async-5] DEBUG a.f.a.t.b.SeqModelChecker - State 0: Checking state invariant 7
2026-07-08T11:35:46,906 [zio-default-async-5] INFO  a.f.a.t.b.SeqModelChecker - State 0: state invariant 7 holds.
2026-07-08T11:35:46,906 [zio-default-async-5] INFO  a.f.a.t.b.t.TransitionExecutorImpl - Step 0: picking a transition out of 1 transition(s)
2026-07-08T11:35:46,910 [zio-default-async-5] DEBUG a.f.a.t.b.t.TransitionExecutorImpl - Step #1, transition #0
2026-07-08T11:35:46,910 [zio-default-async-5] DEBUG a.f.a.t.b.t.TransitionExecutorImpl - Translating to SMT
2026-07-08T11:35:46,913 [zio-default-async-5] DEBUG a.f.a.t.b.SeqModelChecker - Step 1: Transition #0. Is it enabled?
2026-07-08T11:35:46,913 [zio-default-async-5] DEBUG a.f.a.t.b.SeqModelChecker - Step 1: Transition #0 is enabled
2026-07-08T11:35:46,914 [zio-default-async-5] DEBUG a.f.a.t.b.t.TransitionExecutorImpl - Step #1, transition #1
2026-07-08T11:35:46,914 [zio-default-async-5] DEBUG a.f.a.t.b.t.TransitionExecutorImpl - Translating to SMT
2026-07-08T11:35:46,918 [zio-default-async-5] DEBUG a.f.a.t.b.SeqModelChecker - Step 1: Transition #1. Is it enabled?
2026-07-08T11:35:46,919 [zio-default-async-5] DEBUG a.f.a.t.b.SeqModelChecker - Step 1: Transition #1 is enabled
2026-07-08T11:35:46,919 [zio-default-async-5] DEBUG a.f.a.t.b.t.TransitionExecutorImpl - Step #1, transition #2
2026-07-08T11:35:46,919 [zio-default-async-5] DEBUG a.f.a.t.b.t.TransitionExecutorImpl - Translating to SMT
2026-07-08T11:35:46,921 [zio-default-async-5] DEBUG a.f.a.t.b.SeqModelChecker - Step 1: Transition #2. Is it enabled?
2026-07-08T11:35:46,921 [zio-default-async-5] DEBUG a.f.a.t.b.SeqModelChecker - Step 1: Transition #2 is enabled
2026-07-08T11:35:46,922 [zio-default-async-5] DEBUG a.f.a.t.b.t.TransitionExecutorImpl - Step #1, transition #3
2026-07-08T11:35:46,922 [zio-default-async-5] DEBUG a.f.a.t.b.t.TransitionExecutorImpl - Translating to SMT
2026-07-08T11:35:46,946 [zio-default-async-5] DEBUG a.f.a.t.b.SeqModelChecker - Step 1: Transition #3. Is it enabled?
2026-07-08T11:35:46,946 [zio-default-async-5] DEBUG a.f.a.t.b.SeqModelChecker - Step 1: Transition #3 is enabled
2026-07-08T11:35:46,947 [zio-default-async-5] INFO  a.f.a.t.b.SeqModelChecker - State 1: Checking 3 state invariants
2026-07-08T11:35:46,947 [zio-default-async-5] DEBUG a.f.a.t.b.SeqModelChecker - State 1: Checking state invariant 2
2026-07-08T11:35:46,947 [zio-default-async-5] INFO  a.f.a.t.b.SeqModelChecker - State 1: state invariant 2 holds.
2026-07-08T11:35:46,947 [zio-default-async-5] DEBUG a.f.a.t.b.SeqModelChecker - State 1: Checking state invariant 3
2026-07-08T11:35:46,947 [zio-default-async-5] INFO  a.f.a.t.b.SeqModelChecker - State 1: state invariant 3 holds.
2026-07-08T11:35:46,947 [zio-default-async-5] DEBUG a.f.a.t.b.SeqModelChecker - State 1: Checking state invariant 4
2026-07-08T11:35:46,948 [zio-default-async-5] INFO  a.f.a.t.b.SeqModelChecker - State 1: state invariant 4 holds.
2026-07-08T11:35:46,948 [zio-default-async-5] DEBUG a.f.a.t.b.t.TransitionExecutorImpl - Step #1, transition #4
2026-07-08T11:35:46,948 [zio-default-async-5] DEBUG a.f.a.t.b.t.TransitionExecutorImpl - Translating to SMT
2026-07-08T11:35:46,950 [zio-default-async-5] DEBUG a.f.a.t.b.SeqModelChecker - Step 1: Transition #4. Is it enabled?
2026-07-08T11:35:46,950 [zio-default-async-5] INFO  a.f.a.t.b.SeqModelChecker - Step 1: Transition #4 is disabled
2026-07-08T11:35:46,951 [zio-default-async-5] DEBUG a.f.a.t.b.t.TransitionExecutorImpl - Step #1, transition #5
2026-07-08T11:35:46,951 [zio-default-async-5] DEBUG a.f.a.t.b.t.TransitionExecutorImpl - Translating to SMT
2026-07-08T11:35:46,965 [zio-default-async-5] DEBUG a.f.a.t.b.SeqModelChecker - Step 1: Transition #5. Is it enabled?
2026-07-08T11:35:46,966 [zio-default-async-5] INFO  a.f.a.t.b.SeqModelChecker - Step 1: Transition #5 is disabled
2026-07-08T11:35:46,966 [zio-default-async-5] DEBUG a.f.a.t.b.t.TransitionExecutorImpl - Step #1, transition #6
2026-07-08T11:35:46,966 [zio-default-async-5] DEBUG a.f.a.t.b.t.TransitionExecutorImpl - Translating to SMT
2026-07-08T11:35:46,968 [zio-default-async-5] DEBUG a.f.a.t.b.SeqModelChecker - Step 1: Transition #6. Is it enabled?
2026-07-08T11:35:46,969 [zio-default-async-5] INFO  a.f.a.t.b.SeqModelChecker - Step 1: Transition #6 is disabled
2026-07-08T11:35:46,969 [zio-default-async-5] DEBUG a.f.a.t.b.t.TransitionExecutorImpl - Step #1, transition #7
2026-07-08T11:35:46,969 [zio-default-async-5] DEBUG a.f.a.t.b.t.TransitionExecutorImpl - Translating to SMT
2026-07-08T11:35:46,975 [zio-default-async-5] DEBUG a.f.a.t.b.SeqModelChecker - Step 1: Transition #7. Is it enabled?
2026-07-08T11:35:46,976 [zio-default-async-5] INFO  a.f.a.t.b.SeqModelChecker - Step 1: Transition #7 is disabled
2026-07-08T11:35:46,976 [zio-default-async-5] DEBUG a.f.a.t.b.t.TransitionExecutorImpl - Step #1, transition #8
2026-07-08T11:35:46,976 [zio-default-async-5] DEBUG a.f.a.t.b.t.TransitionExecutorImpl - Translating to SMT
2026-07-08T11:35:46,979 [zio-default-async-5] DEBUG a.f.a.t.b.SeqModelChecker - Step 1: Transition #8. Is it enabled?
2026-07-08T11:35:46,979 [zio-default-async-5] INFO  a.f.a.t.b.SeqModelChecker - Step 1: Transition #8 is disabled
2026-07-08T11:35:46,980 [zio-default-async-5] INFO  a.f.a.t.b.t.TransitionExecutorImpl - Step 1: picking a transition out of 4 transition(s)
2026-07-08T11:35:46,993 [zio-default-async-5] DEBUG a.f.a.t.b.t.TransitionExecutorImpl - Step #2, transition #0
2026-07-08T11:35:46,993 [zio-default-async-5] DEBUG a.f.a.t.b.t.TransitionExecutorImpl - Translating to SMT
2026-07-08T11:35:46,994 [zio-default-async-5] DEBUG a.f.a.t.b.SeqModelChecker - Step 2: Transition #0. Is it enabled?
2026-07-08T11:35:46,995 [zio-default-async-5] DEBUG a.f.a.t.b.SeqModelChecker - Step 2: Transition #0 is enabled
2026-07-08T11:35:46,995 [zio-default-async-5] DEBUG a.f.a.t.b.t.TransitionExecutorImpl - Step #2, transition #1
2026-07-08T11:35:46,995 [zio-default-async-5] DEBUG a.f.a.t.b.t.TransitionExecutorImpl - Translating to SMT
2026-07-08T11:35:46,996 [zio-default-async-5] DEBUG a.f.a.t.b.SeqModelChecker - Step 2: Transition #1. Is it enabled?
2026-07-08T11:35:46,997 [zio-default-async-5] DEBUG a.f.a.t.b.SeqModelChecker - Step 2: Transition #1 is enabled
2026-07-08T11:35:46,997 [zio-default-async-5] DEBUG a.f.a.t.b.t.TransitionExecutorImpl - Step #2, transition #2
2026-07-08T11:35:46,997 [zio-default-async-5] DEBUG a.f.a.t.b.t.TransitionExecutorImpl - Translating to SMT
2026-07-08T11:35:46,998 [zio-default-async-5] DEBUG a.f.a.t.b.SeqModelChecker - Step 2: Transition #2. Is it enabled?
2026-07-08T11:35:46,998 [zio-default-async-5] DEBUG a.f.a.t.b.SeqModelChecker - Step 2: Transition #2 is enabled
2026-07-08T11:35:46,999 [zio-default-async-5] DEBUG a.f.a.t.b.t.TransitionExecutorImpl - Step #2, transition #3
2026-07-08T11:35:46,999 [zio-default-async-5] DEBUG a.f.a.t.b.t.TransitionExecutorImpl - Translating to SMT
2026-07-08T11:35:47,015 [zio-default-async-5] DEBUG a.f.a.t.b.SeqModelChecker - Step 2: Transition #3. Is it enabled?
2026-07-08T11:35:47,016 [zio-default-async-5] DEBUG a.f.a.t.b.SeqModelChecker - Step 2: Transition #3 is enabled
2026-07-08T11:35:47,016 [zio-default-async-5] INFO  a.f.a.t.b.SeqModelChecker - State 2: Checking 3 state invariants
2026-07-08T11:35:47,016 [zio-default-async-5] DEBUG a.f.a.t.b.SeqModelChecker - State 2: Checking state invariant 2
2026-07-08T11:35:47,016 [zio-default-async-5] INFO  a.f.a.t.b.SeqModelChecker - State 2: state invariant 2 holds.
2026-07-08T11:35:47,017 [zio-default-async-5] DEBUG a.f.a.t.b.SeqModelChecker - State 2: Checking state invariant 3
2026-07-08T11:35:47,017 [zio-default-async-5] INFO  a.f.a.t.b.SeqModelChecker - State 2: state invariant 3 holds.
2026-07-08T11:35:47,017 [zio-default-async-5] DEBUG a.f.a.t.b.SeqModelChecker - State 2: Checking state invariant 4
2026-07-08T11:35:47,018 [zio-default-async-5] INFO  a.f.a.t.b.SeqModelChecker - State 2: state invariant 4 holds.
2026-07-08T11:35:47,018 [zio-default-async-5] DEBUG a.f.a.t.b.t.TransitionExecutorImpl - Step #2, transition #4
2026-07-08T11:35:47,018 [zio-default-async-5] DEBUG a.f.a.t.b.t.TransitionExecutorImpl - Translating to SMT
2026-07-08T11:35:47,039 [zio-default-async-5] DEBUG a.f.a.t.b.SeqModelChecker - Step 2: Transition #4. Is it enabled?
2026-07-08T11:35:47,040 [zio-default-async-5] DEBUG a.f.a.t.b.SeqModelChecker - Step 2: Transition #4 is enabled
2026-07-08T11:35:47,041 [zio-default-async-5] INFO  a.f.a.t.b.SeqModelChecker - State 2: Checking 5 state invariants
2026-07-08T11:35:47,041 [zio-default-async-5] DEBUG a.f.a.t.b.SeqModelChecker - State 2: Checking state invariant 0
2026-07-08T11:35:47,043 [zio-default-async-5] INFO  a.f.a.t.b.SeqModelChecker - State 2: state invariant 0 holds.
2026-07-08T11:35:47,043 [zio-default-async-5] DEBUG a.f.a.t.b.SeqModelChecker - State 2: Checking state invariant 1
2026-07-08T11:35:47,044 [zio-default-async-5] INFO  a.f.a.t.b.SeqModelChecker - State 2: state invariant 1 holds.
2026-07-08T11:35:47,045 [zio-default-async-5] DEBUG a.f.a.t.b.SeqModelChecker - State 2: Checking state invariant 4
2026-07-08T11:35:47,045 [zio-default-async-5] INFO  a.f.a.t.b.SeqModelChecker - State 2: state invariant 4 holds.
2026-07-08T11:35:47,046 [zio-default-async-5] DEBUG a.f.a.t.b.SeqModelChecker - State 2: Checking state invariant 5
2026-07-08T11:35:47,047 [zio-default-async-5] INFO  a.f.a.t.b.SeqModelChecker - State 2: state invariant 5 holds.
2026-07-08T11:35:47,047 [zio-default-async-5] DEBUG a.f.a.t.b.SeqModelChecker - State 2: Checking state invariant 7
2026-07-08T11:35:47,047 [zio-default-async-5] INFO  a.f.a.t.b.SeqModelChecker - State 2: state invariant 7 holds.
2026-07-08T11:35:47,048 [zio-default-async-5] DEBUG a.f.a.t.b.t.TransitionExecutorImpl - Step #2, transition #5
2026-07-08T11:35:47,048 [zio-default-async-5] DEBUG a.f.a.t.b.t.TransitionExecutorImpl - Translating to SMT
2026-07-08T11:35:47,074 [zio-default-async-5] DEBUG a.f.a.t.b.SeqModelChecker - Step 2: Transition #5. Is it enabled?
2026-07-08T11:35:47,076 [zio-default-async-5] INFO  a.f.a.t.b.SeqModelChecker - Step 2: Transition #5 is disabled
2026-07-08T11:35:47,076 [zio-default-async-5] DEBUG a.f.a.t.b.t.TransitionExecutorImpl - Step #2, transition #6
2026-07-08T11:35:47,076 [zio-default-async-5] DEBUG a.f.a.t.b.t.TransitionExecutorImpl - Translating to SMT
2026-07-08T11:35:47,079 [zio-default-async-5] DEBUG a.f.a.t.b.SeqModelChecker - Step 2: Transition #6. Is it enabled?
2026-07-08T11:35:47,079 [zio-default-async-5] INFO  a.f.a.t.b.SeqModelChecker - Step 2: Transition #6 is disabled
2026-07-08T11:35:47,079 [zio-default-async-5] DEBUG a.f.a.t.b.t.TransitionExecutorImpl - Step #2, transition #7
2026-07-08T11:35:47,079 [zio-default-async-5] DEBUG a.f.a.t.b.t.TransitionExecutorImpl - Translating to SMT
2026-07-08T11:35:47,087 [zio-default-async-5] DEBUG a.f.a.t.b.SeqModelChecker - Step 2: Transition #7. Is it enabled?
2026-07-08T11:35:47,088 [zio-default-async-5] INFO  a.f.a.t.b.SeqModelChecker - Step 2: Transition #7 is disabled
2026-07-08T11:35:47,088 [zio-default-async-5] DEBUG a.f.a.t.b.t.TransitionExecutorImpl - Step #2, transition #8
2026-07-08T11:35:47,088 [zio-default-async-5] DEBUG a.f.a.t.b.t.TransitionExecutorImpl - Translating to SMT
2026-07-08T11:35:47,102 [zio-default-async-5] DEBUG a.f.a.t.b.SeqModelChecker - Step 2: Transition #8. Is it enabled?
2026-07-08T11:35:47,103 [zio-default-async-5] INFO  a.f.a.t.b.SeqModelChecker - Step 2: Transition #8 is disabled
2026-07-08T11:35:47,104 [zio-default-async-5] INFO  a.f.a.t.b.t.TransitionExecutorImpl - Step 2: picking a transition out of 5 transition(s)
2026-07-08T11:35:47,131 [zio-default-async-5] DEBUG a.f.a.t.b.t.TransitionExecutorImpl - Step #3, transition #0
2026-07-08T11:35:47,131 [zio-default-async-5] DEBUG a.f.a.t.b.t.TransitionExecutorImpl - Translating to SMT
2026-07-08T11:35:47,136 [zio-default-async-5] DEBUG a.f.a.t.b.SeqModelChecker - Step 3: Transition #0. Is it enabled?
2026-07-08T11:35:47,137 [zio-default-async-5] DEBUG a.f.a.t.b.SeqModelChecker - Step 3: Transition #0 is enabled
2026-07-08T11:35:47,139 [zio-default-async-5] DEBUG a.f.a.t.b.t.TransitionExecutorImpl - Step #3, transition #1
2026-07-08T11:35:47,140 [zio-default-async-5] DEBUG a.f.a.t.b.t.TransitionExecutorImpl - Translating to SMT
2026-07-08T11:35:47,141 [zio-default-async-5] DEBUG a.f.a.t.b.SeqModelChecker - Step 3: Transition #1. Is it enabled?
2026-07-08T11:35:47,142 [zio-default-async-5] DEBUG a.f.a.t.b.SeqModelChecker - Step 3: Transition #1 is enabled
2026-07-08T11:35:47,143 [zio-default-async-5] DEBUG a.f.a.t.b.t.TransitionExecutorImpl - Step #3, transition #2
2026-07-08T11:35:47,143 [zio-default-async-5] DEBUG a.f.a.t.b.t.TransitionExecutorImpl - Translating to SMT
2026-07-08T11:35:47,148 [zio-default-async-5] DEBUG a.f.a.t.b.SeqModelChecker - Step 3: Transition #2. Is it enabled?
2026-07-08T11:35:47,148 [zio-default-async-5] DEBUG a.f.a.t.b.SeqModelChecker - Step 3: Transition #2 is enabled
2026-07-08T11:35:47,149 [zio-default-async-5] DEBUG a.f.a.t.b.t.TransitionExecutorImpl - Step #3, transition #3
2026-07-08T11:35:47,149 [zio-default-async-5] DEBUG a.f.a.t.b.t.TransitionExecutorImpl - Translating to SMT
2026-07-08T11:35:47,187 [zio-default-async-5] DEBUG a.f.a.t.b.SeqModelChecker - Step 3: Transition #3. Is it enabled?
2026-07-08T11:35:47,189 [zio-default-async-5] DEBUG a.f.a.t.b.SeqModelChecker - Step 3: Transition #3 is enabled
2026-07-08T11:35:47,189 [zio-default-async-5] INFO  a.f.a.t.b.SeqModelChecker - State 3: Checking 3 state invariants
2026-07-08T11:35:47,189 [zio-default-async-5] DEBUG a.f.a.t.b.SeqModelChecker - State 3: Checking state invariant 2
2026-07-08T11:35:47,189 [zio-default-async-5] INFO  a.f.a.t.b.SeqModelChecker - State 3: state invariant 2 holds.
2026-07-08T11:35:47,190 [zio-default-async-5] DEBUG a.f.a.t.b.SeqModelChecker - State 3: Checking state invariant 3
2026-07-08T11:35:47,190 [zio-default-async-5] INFO  a.f.a.t.b.SeqModelChecker - State 3: state invariant 3 holds.
2026-07-08T11:35:47,190 [zio-default-async-5] DEBUG a.f.a.t.b.SeqModelChecker - State 3: Checking state invariant 4
2026-07-08T11:35:47,190 [zio-default-async-5] INFO  a.f.a.t.b.SeqModelChecker - State 3: state invariant 4 holds.
2026-07-08T11:35:47,191 [zio-default-async-5] DEBUG a.f.a.t.b.t.TransitionExecutorImpl - Step #3, transition #4
2026-07-08T11:35:47,191 [zio-default-async-5] DEBUG a.f.a.t.b.t.TransitionExecutorImpl - Translating to SMT
2026-07-08T11:35:47,204 [zio-default-async-5] DEBUG a.f.a.t.b.SeqModelChecker - Step 3: Transition #4. Is it enabled?
2026-07-08T11:35:47,206 [zio-default-async-5] DEBUG a.f.a.t.b.SeqModelChecker - Step 3: Transition #4 is enabled
2026-07-08T11:35:47,206 [zio-default-async-5] INFO  a.f.a.t.b.SeqModelChecker - State 3: Checking 5 state invariants
2026-07-08T11:35:47,207 [zio-default-async-5] DEBUG a.f.a.t.b.SeqModelChecker - State 3: Checking state invariant 0
2026-07-08T11:35:47,211 [zio-default-async-5] INFO  a.f.a.t.b.SeqModelChecker - State 3: state invariant 0 holds.
2026-07-08T11:35:47,212 [zio-default-async-5] DEBUG a.f.a.t.b.SeqModelChecker - State 3: Checking state invariant 1
2026-07-08T11:35:47,216 [zio-default-async-5] INFO  a.f.a.t.b.SeqModelChecker - State 3: state invariant 1 holds.
2026-07-08T11:35:47,216 [zio-default-async-5] DEBUG a.f.a.t.b.SeqModelChecker - State 3: Checking state invariant 4
2026-07-08T11:35:47,217 [zio-default-async-5] INFO  a.f.a.t.b.SeqModelChecker - State 3: state invariant 4 holds.
2026-07-08T11:35:47,217 [zio-default-async-5] DEBUG a.f.a.t.b.SeqModelChecker - State 3: Checking state invariant 5
2026-07-08T11:35:47,218 [zio-default-async-5] INFO  a.f.a.t.b.SeqModelChecker - State 3: state invariant 5 holds.
2026-07-08T11:35:47,219 [zio-default-async-5] DEBUG a.f.a.t.b.SeqModelChecker - State 3: Checking state invariant 7
2026-07-08T11:35:47,223 [zio-default-async-5] INFO  a.f.a.t.b.SeqModelChecker - State 3: state invariant 7 holds.
2026-07-08T11:35:47,224 [zio-default-async-5] DEBUG a.f.a.t.b.t.TransitionExecutorImpl - Step #3, transition #5
2026-07-08T11:35:47,224 [zio-default-async-5] DEBUG a.f.a.t.b.t.TransitionExecutorImpl - Translating to SMT
2026-07-08T11:35:47,264 [zio-default-async-5] DEBUG a.f.a.t.b.SeqModelChecker - Step 3: Transition #5. Is it enabled?
2026-07-08T11:35:47,268 [zio-default-async-5] DEBUG a.f.a.t.b.SeqModelChecker - Step 3: Transition #5 is enabled
2026-07-08T11:35:47,268 [zio-default-async-5] INFO  a.f.a.t.b.SeqModelChecker - State 3: Checking 5 state invariants
2026-07-08T11:35:47,268 [zio-default-async-5] DEBUG a.f.a.t.b.SeqModelChecker - State 3: Checking state invariant 0
2026-07-08T11:35:47,278 [zio-default-async-5] INFO  a.f.a.t.b.SeqModelChecker - State 3: state invariant 0 holds.
2026-07-08T11:35:47,278 [zio-default-async-5] DEBUG a.f.a.t.b.SeqModelChecker - State 3: Checking state invariant 1
2026-07-08T11:35:47,288 [zio-default-async-5] INFO  a.f.a.t.b.SeqModelChecker - State 3: state invariant 1 holds.
2026-07-08T11:35:47,289 [zio-default-async-5] DEBUG a.f.a.t.b.SeqModelChecker - State 3: Checking state invariant 2
2026-07-08T11:35:47,292 [zio-default-async-5] INFO  a.f.a.t.b.SeqModelChecker - State 3: state invariant 2 holds.
2026-07-08T11:35:47,292 [zio-default-async-5] DEBUG a.f.a.t.b.SeqModelChecker - State 3: Checking state invariant 3
2026-07-08T11:35:47,300 [zio-default-async-5] INFO  a.f.a.t.b.SeqModelChecker - State 3: state invariant 3 holds.
2026-07-08T11:35:47,301 [zio-default-async-5] DEBUG a.f.a.t.b.SeqModelChecker - State 3: Checking state invariant 4
2026-07-08T11:35:47,334 [zio-default-async-5] INFO  a.f.a.t.b.SeqModelChecker - State 3: state invariant 4 holds.
2026-07-08T11:35:47,335 [zio-default-async-5] DEBUG a.f.a.t.b.t.TransitionExecutorImpl - Step #3, transition #6
2026-07-08T11:35:47,335 [zio-default-async-5] DEBUG a.f.a.t.b.t.TransitionExecutorImpl - Translating to SMT
2026-07-08T11:35:47,337 [zio-default-async-5] DEBUG a.f.a.t.b.SeqModelChecker - Step 3: Transition #6. Is it enabled?
2026-07-08T11:35:47,337 [zio-default-async-5] INFO  a.f.a.t.b.SeqModelChecker - Step 3: Transition #6 is disabled
2026-07-08T11:35:47,337 [zio-default-async-5] DEBUG a.f.a.t.b.t.TransitionExecutorImpl - Step #3, transition #7
2026-07-08T11:35:47,338 [zio-default-async-5] DEBUG a.f.a.t.b.t.TransitionExecutorImpl - Translating to SMT
2026-07-08T11:35:47,350 [zio-default-async-5] DEBUG a.f.a.t.b.SeqModelChecker - Step 3: Transition #7. Is it enabled?
2026-07-08T11:35:47,353 [zio-default-async-5] DEBUG a.f.a.t.b.SeqModelChecker - Step 3: Transition #7 is enabled
2026-07-08T11:35:47,353 [zio-default-async-5] INFO  a.f.a.t.b.SeqModelChecker - State 3: Checking 5 state invariants
2026-07-08T11:35:47,353 [zio-default-async-5] DEBUG a.f.a.t.b.SeqModelChecker - State 3: Checking state invariant 0
2026-07-08T11:35:47,356 [zio-default-async-5] INFO  a.f.a.t.b.SeqModelChecker - State 3: state invariant 0 holds.
2026-07-08T11:35:47,356 [zio-default-async-5] DEBUG a.f.a.t.b.SeqModelChecker - State 3: Checking state invariant 1
2026-07-08T11:35:47,358 [zio-default-async-5] INFO  a.f.a.t.b.SeqModelChecker - State 3: state invariant 1 holds.
2026-07-08T11:35:47,359 [zio-default-async-5] DEBUG a.f.a.t.b.SeqModelChecker - State 3: Checking state invariant 4
2026-07-08T11:35:47,360 [zio-default-async-5] INFO  a.f.a.t.b.SeqModelChecker - State 3: state invariant 4 holds.
2026-07-08T11:35:47,360 [zio-default-async-5] DEBUG a.f.a.t.b.SeqModelChecker - State 3: Checking state invariant 5
2026-07-08T11:35:47,361 [zio-default-async-5] INFO  a.f.a.t.b.SeqModelChecker - State 3: state invariant 5 holds.
2026-07-08T11:35:47,362 [zio-default-async-5] DEBUG a.f.a.t.b.SeqModelChecker - State 3: Checking state invariant 7
2026-07-08T11:35:47,363 [zio-default-async-5] INFO  a.f.a.t.b.SeqModelChecker - State 3: state invariant 7 holds.
2026-07-08T11:35:47,363 [zio-default-async-5] DEBUG a.f.a.t.b.t.TransitionExecutorImpl - Step #3, transition #8
2026-07-08T11:35:47,364 [zio-default-async-5] DEBUG a.f.a.t.b.t.TransitionExecutorImpl - Translating to SMT
2026-07-08T11:35:47,398 [zio-default-async-5] DEBUG a.f.a.t.b.SeqModelChecker - Step 3: Transition #8. Is it enabled?
2026-07-08T11:35:47,401 [zio-default-async-5] INFO  a.f.a.t.b.SeqModelChecker - Step 3: Transition #8 is disabled
2026-07-08T11:35:47,402 [zio-default-async-5] INFO  a.f.a.t.b.t.TransitionExecutorImpl - Step 3: picking a transition out of 7 transition(s)
2026-07-08T11:35:47,434 [zio-default-async-5] DEBUG a.f.a.t.b.t.TransitionExecutorImpl - Step #4, transition #0
2026-07-08T11:35:47,434 [zio-default-async-5] DEBUG a.f.a.t.b.t.TransitionExecutorImpl - Translating to SMT
2026-07-08T11:35:47,435 [zio-default-async-5] DEBUG a.f.a.t.b.SeqModelChecker - Step 4: Transition #0. Is it enabled?
2026-07-08T11:35:47,437 [zio-default-async-5] DEBUG a.f.a.t.b.SeqModelChecker - Step 4: Transition #0 is enabled
2026-07-08T11:35:47,438 [zio-default-async-5] DEBUG a.f.a.t.b.t.TransitionExecutorImpl - Step #4, transition #1
2026-07-08T11:35:47,438 [zio-default-async-5] DEBUG a.f.a.t.b.t.TransitionExecutorImpl - Translating to SMT
2026-07-08T11:35:47,439 [zio-default-async-5] DEBUG a.f.a.t.b.SeqModelChecker - Step 4: Transition #1. Is it enabled?
2026-07-08T11:35:47,441 [zio-default-async-5] DEBUG a.f.a.t.b.SeqModelChecker - Step 4: Transition #1 is enabled
2026-07-08T11:35:47,442 [zio-default-async-5] DEBUG a.f.a.t.b.t.TransitionExecutorImpl - Step #4, transition #2
2026-07-08T11:35:47,442 [zio-default-async-5] DEBUG a.f.a.t.b.t.TransitionExecutorImpl - Translating to SMT
2026-07-08T11:35:47,443 [zio-default-async-5] DEBUG a.f.a.t.b.SeqModelChecker - Step 4: Transition #2. Is it enabled?
2026-07-08T11:35:47,445 [zio-default-async-5] DEBUG a.f.a.t.b.SeqModelChecker - Step 4: Transition #2 is enabled
2026-07-08T11:35:47,446 [zio-default-async-5] DEBUG a.f.a.t.b.t.TransitionExecutorImpl - Step #4, transition #3
2026-07-08T11:35:47,446 [zio-default-async-5] DEBUG a.f.a.t.b.t.TransitionExecutorImpl - Translating to SMT
2026-07-08T11:35:47,497 [zio-default-async-5] DEBUG a.f.a.t.b.SeqModelChecker - Step 4: Transition #3. Is it enabled?
2026-07-08T11:35:47,503 [zio-default-async-5] DEBUG a.f.a.t.b.SeqModelChecker - Step 4: Transition #3 is enabled
2026-07-08T11:35:47,503 [zio-default-async-5] INFO  a.f.a.t.b.SeqModelChecker - State 4: Checking 3 state invariants
2026-07-08T11:35:47,503 [zio-default-async-5] DEBUG a.f.a.t.b.SeqModelChecker - State 4: Checking state invariant 2
2026-07-08T11:35:47,506 [zio-default-async-5] INFO  a.f.a.t.b.SeqModelChecker - State 4: state invariant 2 holds.
2026-07-08T11:35:47,506 [zio-default-async-5] DEBUG a.f.a.t.b.SeqModelChecker - State 4: Checking state invariant 3
2026-07-08T11:35:47,512 [zio-default-async-5] INFO  a.f.a.t.b.SeqModelChecker - State 4: state invariant 3 holds.
2026-07-08T11:35:47,513 [zio-default-async-5] DEBUG a.f.a.t.b.SeqModelChecker - State 4: Checking state invariant 4
2026-07-08T11:35:47,545 [zio-default-async-5] INFO  a.f.a.t.b.SeqModelChecker - State 4: state invariant 4 holds.
2026-07-08T11:35:47,546 [zio-default-async-5] DEBUG a.f.a.t.b.t.TransitionExecutorImpl - Step #4, transition #4
2026-07-08T11:35:47,546 [zio-default-async-5] DEBUG a.f.a.t.b.t.TransitionExecutorImpl - Translating to SMT
2026-07-08T11:35:47,558 [zio-default-async-5] DEBUG a.f.a.t.b.SeqModelChecker - Step 4: Transition #4. Is it enabled?
2026-07-08T11:35:47,566 [zio-default-async-5] DEBUG a.f.a.t.b.SeqModelChecker - Step 4: Transition #4 is enabled
2026-07-08T11:35:47,567 [zio-default-async-5] INFO  a.f.a.t.b.SeqModelChecker - State 4: Checking 5 state invariants
2026-07-08T11:35:47,567 [zio-default-async-5] DEBUG a.f.a.t.b.SeqModelChecker - State 4: Checking state invariant 0
2026-07-08T11:35:47,578 [zio-default-async-5] INFO  a.f.a.t.b.SeqModelChecker - State 4: state invariant 0 holds.
2026-07-08T11:35:47,580 [zio-default-async-5] DEBUG a.f.a.t.b.SeqModelChecker - State 4: Checking state invariant 1
2026-07-08T11:35:47,592 [zio-default-async-5] INFO  a.f.a.t.b.SeqModelChecker - State 4: state invariant 1 holds.
2026-07-08T11:35:47,593 [zio-default-async-5] DEBUG a.f.a.t.b.SeqModelChecker - State 4: Checking state invariant 4
2026-07-08T11:35:47,634 [zio-default-async-5] INFO  a.f.a.t.b.SeqModelChecker - State 4: state invariant 4 holds.
2026-07-08T11:35:47,635 [zio-default-async-5] DEBUG a.f.a.t.b.SeqModelChecker - State 4: Checking state invariant 5
2026-07-08T11:35:47,637 [zio-default-async-5] INFO  a.f.a.t.b.SeqModelChecker - State 4: state invariant 5 holds.
2026-07-08T11:35:47,637 [zio-default-async-5] DEBUG a.f.a.t.b.SeqModelChecker - State 4: Checking state invariant 7
2026-07-08T11:35:47,643 [zio-default-async-5] INFO  a.f.a.t.b.SeqModelChecker - State 4: state invariant 7 holds.
2026-07-08T11:35:47,644 [zio-default-async-5] DEBUG a.f.a.t.b.t.TransitionExecutorImpl - Step #4, transition #5
2026-07-08T11:35:47,644 [zio-default-async-5] DEBUG a.f.a.t.b.t.TransitionExecutorImpl - Translating to SMT
2026-07-08T11:35:47,675 [zio-default-async-5] DEBUG a.f.a.t.b.SeqModelChecker - Step 4: Transition #5. Is it enabled?
2026-07-08T11:35:47,692 [zio-default-async-5] DEBUG a.f.a.t.b.SeqModelChecker - Step 4: Transition #5 is enabled
2026-07-08T11:35:47,692 [zio-default-async-5] INFO  a.f.a.t.b.SeqModelChecker - State 4: Checking 5 state invariants
2026-07-08T11:35:47,692 [zio-default-async-5] DEBUG a.f.a.t.b.SeqModelChecker - State 4: Checking state invariant 0
2026-07-08T11:35:47,718 [zio-default-async-5] INFO  a.f.a.t.b.SeqModelChecker - State 4: state invariant 0 holds.
2026-07-08T11:35:47,719 [zio-default-async-5] DEBUG a.f.a.t.b.SeqModelChecker - State 4: Checking state invariant 1
2026-07-08T11:35:47,739 [zio-default-async-5] INFO  a.f.a.t.b.SeqModelChecker - State 4: state invariant 1 holds.
2026-07-08T11:35:47,740 [zio-default-async-5] DEBUG a.f.a.t.b.SeqModelChecker - State 4: Checking state invariant 2
2026-07-08T11:35:47,742 [zio-default-async-5] INFO  a.f.a.t.b.SeqModelChecker - State 4: state invariant 2 holds.
2026-07-08T11:35:47,743 [zio-default-async-5] DEBUG a.f.a.t.b.SeqModelChecker - State 4: Checking state invariant 3
2026-07-08T11:35:47,752 [zio-default-async-5] INFO  a.f.a.t.b.SeqModelChecker - State 4: state invariant 3 holds.
2026-07-08T11:35:47,753 [zio-default-async-5] DEBUG a.f.a.t.b.SeqModelChecker - State 4: Checking state invariant 4
2026-07-08T11:35:47,823 [zio-default-async-5] INFO  a.f.a.t.b.SeqModelChecker - State 4: state invariant 4 holds.
2026-07-08T11:35:47,824 [zio-default-async-5] DEBUG a.f.a.t.b.t.TransitionExecutorImpl - Step #4, transition #6
2026-07-08T11:35:47,824 [zio-default-async-5] DEBUG a.f.a.t.b.t.TransitionExecutorImpl - Translating to SMT
2026-07-08T11:35:47,830 [zio-default-async-5] DEBUG a.f.a.t.b.SeqModelChecker - Step 4: Transition #6. Is it enabled?
2026-07-08T11:35:47,831 [zio-default-async-5] INFO  a.f.a.t.b.SeqModelChecker - Step 4: Transition #6 is disabled
2026-07-08T11:35:47,832 [zio-default-async-5] DEBUG a.f.a.t.b.t.TransitionExecutorImpl - Step #4, transition #7
2026-07-08T11:35:47,832 [zio-default-async-5] DEBUG a.f.a.t.b.t.TransitionExecutorImpl - Translating to SMT
2026-07-08T11:35:47,838 [zio-default-async-5] DEBUG a.f.a.t.b.SeqModelChecker - Step 4: Transition #7. Is it enabled?
2026-07-08T11:35:47,847 [zio-default-async-5] DEBUG a.f.a.t.b.SeqModelChecker - Step 4: Transition #7 is enabled
2026-07-08T11:35:47,848 [zio-default-async-5] INFO  a.f.a.t.b.SeqModelChecker - State 4: Checking 5 state invariants
2026-07-08T11:35:47,848 [zio-default-async-5] DEBUG a.f.a.t.b.SeqModelChecker - State 4: Checking state invariant 0
2026-07-08T11:35:47,853 [zio-default-async-5] INFO  a.f.a.t.b.SeqModelChecker - State 4: state invariant 0 holds.
2026-07-08T11:35:47,854 [zio-default-async-5] DEBUG a.f.a.t.b.SeqModelChecker - State 4: Checking state invariant 1
2026-07-08T11:35:47,861 [zio-default-async-5] INFO  a.f.a.t.b.SeqModelChecker - State 4: state invariant 1 holds.
2026-07-08T11:35:47,862 [zio-default-async-5] DEBUG a.f.a.t.b.SeqModelChecker - State 4: Checking state invariant 4
2026-07-08T11:35:47,888 [zio-default-async-5] INFO  a.f.a.t.b.SeqModelChecker - State 4: state invariant 4 holds.
2026-07-08T11:35:47,889 [zio-default-async-5] DEBUG a.f.a.t.b.SeqModelChecker - State 4: Checking state invariant 5
2026-07-08T11:35:47,894 [zio-default-async-5] INFO  a.f.a.t.b.SeqModelChecker - State 4: state invariant 5 holds.
2026-07-08T11:35:47,894 [zio-default-async-5] DEBUG a.f.a.t.b.SeqModelChecker - State 4: Checking state invariant 7
2026-07-08T11:35:47,895 [zio-default-async-5] INFO  a.f.a.t.b.SeqModelChecker - State 4: state invariant 7 holds.
2026-07-08T11:35:47,895 [zio-default-async-5] DEBUG a.f.a.t.b.t.TransitionExecutorImpl - Step #4, transition #8
2026-07-08T11:35:47,895 [zio-default-async-5] DEBUG a.f.a.t.b.t.TransitionExecutorImpl - Translating to SMT
2026-07-08T11:35:47,913 [zio-default-async-5] DEBUG a.f.a.t.b.SeqModelChecker - Step 4: Transition #8. Is it enabled?
2026-07-08T11:35:47,922 [zio-default-async-5] INFO  a.f.a.t.b.SeqModelChecker - Step 4: Transition #8 is disabled
2026-07-08T11:35:47,923 [zio-default-async-5] INFO  a.f.a.t.b.t.TransitionExecutorImpl - Step 4: picking a transition out of 7 transition(s)
2026-07-08T11:35:47,938 [zio-default-async-5] DEBUG a.f.a.t.b.t.TransitionExecutorImpl - Step #5, transition #0
2026-07-08T11:35:47,938 [zio-default-async-5] DEBUG a.f.a.t.b.t.TransitionExecutorImpl - Translating to SMT
2026-07-08T11:35:47,939 [zio-default-async-5] DEBUG a.f.a.t.b.SeqModelChecker - Step 5: Transition #0. Is it enabled?
2026-07-08T11:35:47,946 [zio-default-async-5] DEBUG a.f.a.t.b.SeqModelChecker - Step 5: Transition #0 is enabled
2026-07-08T11:35:47,947 [zio-default-async-5] DEBUG a.f.a.t.b.t.TransitionExecutorImpl - Step #5, transition #1
2026-07-08T11:35:47,947 [zio-default-async-5] DEBUG a.f.a.t.b.t.TransitionExecutorImpl - Translating to SMT
2026-07-08T11:35:47,947 [zio-default-async-5] DEBUG a.f.a.t.b.SeqModelChecker - Step 5: Transition #1. Is it enabled?
2026-07-08T11:35:47,951 [zio-default-async-5] DEBUG a.f.a.t.b.SeqModelChecker - Step 5: Transition #1 is enabled
2026-07-08T11:35:47,952 [zio-default-async-5] DEBUG a.f.a.t.b.t.TransitionExecutorImpl - Step #5, transition #2
2026-07-08T11:35:47,952 [zio-default-async-5] DEBUG a.f.a.t.b.t.TransitionExecutorImpl - Translating to SMT
2026-07-08T11:35:47,953 [zio-default-async-5] DEBUG a.f.a.t.b.SeqModelChecker - Step 5: Transition #2. Is it enabled?
2026-07-08T11:35:47,958 [zio-default-async-5] DEBUG a.f.a.t.b.SeqModelChecker - Step 5: Transition #2 is enabled
2026-07-08T11:35:47,958 [zio-default-async-5] DEBUG a.f.a.t.b.t.TransitionExecutorImpl - Step #5, transition #3
2026-07-08T11:35:47,959 [zio-default-async-5] DEBUG a.f.a.t.b.t.TransitionExecutorImpl - Translating to SMT
2026-07-08T11:35:47,995 [zio-default-async-5] DEBUG a.f.a.t.b.SeqModelChecker - Step 5: Transition #3. Is it enabled?
2026-07-08T11:35:48,006 [zio-default-async-5] DEBUG a.f.a.t.b.SeqModelChecker - Step 5: Transition #3 is enabled
2026-07-08T11:35:48,006 [zio-default-async-5] INFO  a.f.a.t.b.SeqModelChecker - State 5: Checking 3 state invariants
2026-07-08T11:35:48,007 [zio-default-async-5] DEBUG a.f.a.t.b.SeqModelChecker - State 5: Checking state invariant 2
2026-07-08T11:35:48,011 [zio-default-async-5] INFO  a.f.a.t.b.SeqModelChecker - State 5: state invariant 2 holds.
2026-07-08T11:35:48,011 [zio-default-async-5] DEBUG a.f.a.t.b.SeqModelChecker - State 5: Checking state invariant 3
2026-07-08T11:35:48,036 [zio-default-async-5] INFO  a.f.a.t.b.SeqModelChecker - State 5: state invariant 3 holds.
2026-07-08T11:35:48,037 [zio-default-async-5] DEBUG a.f.a.t.b.SeqModelChecker - State 5: Checking state invariant 4
2026-07-08T11:35:48,106 [zio-default-async-5] INFO  a.f.a.t.b.SeqModelChecker - State 5: state invariant 4 holds.
2026-07-08T11:35:48,108 [zio-default-async-5] DEBUG a.f.a.t.b.t.TransitionExecutorImpl - Step #5, transition #4
2026-07-08T11:35:48,108 [zio-default-async-5] DEBUG a.f.a.t.b.t.TransitionExecutorImpl - Translating to SMT
2026-07-08T11:35:48,121 [zio-default-async-5] DEBUG a.f.a.t.b.SeqModelChecker - Step 5: Transition #4. Is it enabled?
2026-07-08T11:35:48,146 [zio-default-async-5] DEBUG a.f.a.t.b.SeqModelChecker - Step 5: Transition #4 is enabled
2026-07-08T11:35:48,147 [zio-default-async-5] INFO  a.f.a.t.b.SeqModelChecker - State 5: Checking 5 state invariants
2026-07-08T11:35:48,147 [zio-default-async-5] DEBUG a.f.a.t.b.SeqModelChecker - State 5: Checking state invariant 0
2026-07-08T11:35:48,188 [zio-default-async-5] INFO  a.f.a.t.b.SeqModelChecker - State 5: state invariant 0 holds.
2026-07-08T11:35:48,189 [zio-default-async-5] DEBUG a.f.a.t.b.SeqModelChecker - State 5: Checking state invariant 1
2026-07-08T11:35:48,218 [zio-default-async-5] INFO  a.f.a.t.b.SeqModelChecker - State 5: state invariant 1 holds.
2026-07-08T11:35:48,218 [zio-default-async-5] DEBUG a.f.a.t.b.SeqModelChecker - State 5: Checking state invariant 4
2026-07-08T11:35:48,308 [zio-default-async-5] INFO  a.f.a.t.b.SeqModelChecker - State 5: state invariant 4 holds.
2026-07-08T11:35:48,309 [zio-default-async-5] DEBUG a.f.a.t.b.SeqModelChecker - State 5: Checking state invariant 5
2026-07-08T11:35:48,330 [zio-default-async-5] INFO  a.f.a.t.b.SeqModelChecker - State 5: state invariant 5 holds.
2026-07-08T11:35:48,331 [zio-default-async-5] DEBUG a.f.a.t.b.SeqModelChecker - State 5: Checking state invariant 7
2026-07-08T11:35:48,382 [zio-default-async-5] INFO  a.f.a.t.b.SeqModelChecker - State 5: state invariant 7 holds.
2026-07-08T11:35:48,383 [zio-default-async-5] DEBUG a.f.a.t.b.t.TransitionExecutorImpl - Step #5, transition #5
2026-07-08T11:35:48,383 [zio-default-async-5] DEBUG a.f.a.t.b.t.TransitionExecutorImpl - Translating to SMT
2026-07-08T11:35:48,435 [zio-default-async-5] DEBUG a.f.a.t.b.SeqModelChecker - Step 5: Transition #5. Is it enabled?
2026-07-08T11:35:48,512 [zio-default-async-5] DEBUG a.f.a.t.b.SeqModelChecker - Step 5: Transition #5 is enabled
2026-07-08T11:35:48,512 [zio-default-async-5] INFO  a.f.a.t.b.SeqModelChecker - State 5: Checking 5 state invariants
2026-07-08T11:35:48,512 [zio-default-async-5] DEBUG a.f.a.t.b.SeqModelChecker - State 5: Checking state invariant 0
2026-07-08T11:35:48,557 [zio-default-async-5] INFO  a.f.a.t.b.SeqModelChecker - State 5: state invariant 0 holds.
2026-07-08T11:35:48,558 [zio-default-async-5] DEBUG a.f.a.t.b.SeqModelChecker - State 5: Checking state invariant 1
2026-07-08T11:35:48,620 [zio-default-async-5] INFO  a.f.a.t.b.SeqModelChecker - State 5: state invariant 1 holds.
2026-07-08T11:35:48,621 [zio-default-async-5] DEBUG a.f.a.t.b.SeqModelChecker - State 5: Checking state invariant 2
2026-07-08T11:35:48,624 [zio-default-async-5] INFO  a.f.a.t.b.SeqModelChecker - State 5: state invariant 2 holds.
2026-07-08T11:35:48,624 [zio-default-async-5] DEBUG a.f.a.t.b.SeqModelChecker - State 5: Checking state invariant 3
2026-07-08T11:35:48,644 [zio-default-async-5] INFO  a.f.a.t.b.SeqModelChecker - State 5: state invariant 3 holds.
2026-07-08T11:35:48,644 [zio-default-async-5] DEBUG a.f.a.t.b.SeqModelChecker - State 5: Checking state invariant 4
2026-07-08T11:35:48,739 [zio-default-async-5] INFO  a.f.a.t.b.SeqModelChecker - State 5: state invariant 4 holds.
2026-07-08T11:35:48,740 [zio-default-async-5] DEBUG a.f.a.t.b.t.TransitionExecutorImpl - Step #5, transition #6
2026-07-08T11:35:48,740 [zio-default-async-5] DEBUG a.f.a.t.b.t.TransitionExecutorImpl - Translating to SMT
2026-07-08T11:35:48,753 [zio-default-async-5] DEBUG a.f.a.t.b.SeqModelChecker - Step 5: Transition #6. Is it enabled?
2026-07-08T11:35:48,763 [zio-default-async-5] INFO  a.f.a.t.b.SeqModelChecker - Step 5: Transition #6 is disabled
2026-07-08T11:35:48,763 [zio-default-async-5] DEBUG a.f.a.t.b.t.TransitionExecutorImpl - Step #5, transition #7
2026-07-08T11:35:48,763 [zio-default-async-5] DEBUG a.f.a.t.b.t.TransitionExecutorImpl - Translating to SMT
2026-07-08T11:35:48,769 [zio-default-async-5] DEBUG a.f.a.t.b.SeqModelChecker - Step 5: Transition #7. Is it enabled?
2026-07-08T11:35:48,820 [zio-default-async-5] DEBUG a.f.a.t.b.SeqModelChecker - Step 5: Transition #7 is enabled
2026-07-08T11:35:48,820 [zio-default-async-5] INFO  a.f.a.t.b.SeqModelChecker - State 5: Checking 5 state invariants
2026-07-08T11:35:48,820 [zio-default-async-5] DEBUG a.f.a.t.b.SeqModelChecker - State 5: Checking state invariant 0
2026-07-08T11:35:48,873 [zio-default-async-5] INFO  a.f.a.t.b.SeqModelChecker - State 5: state invariant 0 holds.
2026-07-08T11:35:48,873 [zio-default-async-5] DEBUG a.f.a.t.b.SeqModelChecker - State 5: Checking state invariant 1
2026-07-08T11:35:48,903 [zio-default-async-5] INFO  a.f.a.t.b.SeqModelChecker - State 5: state invariant 1 holds.
2026-07-08T11:35:48,904 [zio-default-async-5] DEBUG a.f.a.t.b.SeqModelChecker - State 5: Checking state invariant 4
2026-07-08T11:35:48,959 [zio-default-async-5] INFO  a.f.a.t.b.SeqModelChecker - State 5: state invariant 4 holds.
2026-07-08T11:35:48,959 [zio-default-async-5] DEBUG a.f.a.t.b.SeqModelChecker - State 5: Checking state invariant 5
2026-07-08T11:35:48,969 [zio-default-async-5] INFO  a.f.a.t.b.SeqModelChecker - State 5: state invariant 5 holds.
2026-07-08T11:35:48,969 [zio-default-async-5] DEBUG a.f.a.t.b.SeqModelChecker - State 5: Checking state invariant 7
2026-07-08T11:35:48,970 [zio-default-async-5] INFO  a.f.a.t.b.SeqModelChecker - State 5: state invariant 7 holds.
2026-07-08T11:35:48,970 [zio-default-async-5] DEBUG a.f.a.t.b.t.TransitionExecutorImpl - Step #5, transition #8
2026-07-08T11:35:48,970 [zio-default-async-5] DEBUG a.f.a.t.b.t.TransitionExecutorImpl - Translating to SMT
2026-07-08T11:35:48,993 [zio-default-async-5] DEBUG a.f.a.t.b.SeqModelChecker - Step 5: Transition #8. Is it enabled?
2026-07-08T11:35:49,056 [zio-default-async-5] INFO  a.f.a.t.b.SeqModelChecker - Step 5: Transition #8 is disabled
2026-07-08T11:35:49,057 [zio-default-async-5] INFO  a.f.a.t.b.t.TransitionExecutorImpl - Step 5: picking a transition out of 7 transition(s)
2026-07-08T11:35:49,089 [zio-default-async-5] DEBUG a.f.a.t.b.t.TransitionExecutorImpl - Step #6, transition #0
2026-07-08T11:35:49,089 [zio-default-async-5] DEBUG a.f.a.t.b.t.TransitionExecutorImpl - Translating to SMT
2026-07-08T11:35:49,090 [zio-default-async-5] DEBUG a.f.a.t.b.SeqModelChecker - Step 6: Transition #0. Is it enabled?
2026-07-08T11:35:49,129 [zio-default-async-5] DEBUG a.f.a.t.b.SeqModelChecker - Step 6: Transition #0 is enabled
2026-07-08T11:35:49,130 [zio-default-async-5] DEBUG a.f.a.t.b.t.TransitionExecutorImpl - Step #6, transition #1
2026-07-08T11:35:49,130 [zio-default-async-5] DEBUG a.f.a.t.b.t.TransitionExecutorImpl - Translating to SMT
2026-07-08T11:35:49,131 [zio-default-async-5] DEBUG a.f.a.t.b.SeqModelChecker - Step 6: Transition #1. Is it enabled?
2026-07-08T11:35:49,141 [zio-default-async-5] DEBUG a.f.a.t.b.SeqModelChecker - Step 6: Transition #1 is enabled
2026-07-08T11:35:49,142 [zio-default-async-5] DEBUG a.f.a.t.b.t.TransitionExecutorImpl - Step #6, transition #2
2026-07-08T11:35:49,142 [zio-default-async-5] DEBUG a.f.a.t.b.t.TransitionExecutorImpl - Translating to SMT
2026-07-08T11:35:49,143 [zio-default-async-5] DEBUG a.f.a.t.b.SeqModelChecker - Step 6: Transition #2. Is it enabled?
2026-07-08T11:35:49,155 [zio-default-async-5] DEBUG a.f.a.t.b.SeqModelChecker - Step 6: Transition #2 is enabled
2026-07-08T11:35:49,157 [zio-default-async-5] DEBUG a.f.a.t.b.t.TransitionExecutorImpl - Step #6, transition #3
2026-07-08T11:35:49,157 [zio-default-async-5] DEBUG a.f.a.t.b.t.TransitionExecutorImpl - Translating to SMT
2026-07-08T11:35:49,201 [zio-default-async-5] DEBUG a.f.a.t.b.SeqModelChecker - Step 6: Transition #3. Is it enabled?
2026-07-08T11:35:49,261 [zio-default-async-5] DEBUG a.f.a.t.b.SeqModelChecker - Step 6: Transition #3 is enabled
2026-07-08T11:35:49,261 [zio-default-async-5] INFO  a.f.a.t.b.SeqModelChecker - State 6: Checking 3 state invariants
2026-07-08T11:35:49,262 [zio-default-async-5] DEBUG a.f.a.t.b.SeqModelChecker - State 6: Checking state invariant 2
2026-07-08T11:35:49,280 [zio-default-async-5] INFO  a.f.a.t.b.SeqModelChecker - State 6: state invariant 2 holds.
2026-07-08T11:35:49,281 [zio-default-async-5] DEBUG a.f.a.t.b.SeqModelChecker - State 6: Checking state invariant 3
2026-07-08T11:35:49,433 [zio-default-async-5] INFO  a.f.a.t.b.SeqModelChecker - State 6: state invariant 3 holds.
2026-07-08T11:35:49,434 [zio-default-async-5] DEBUG a.f.a.t.b.SeqModelChecker - State 6: Checking state invariant 4
2026-07-08T11:35:49,893 [zio-default-async-5] INFO  a.f.a.t.b.SeqModelChecker - State 6: state invariant 4 holds.
2026-07-08T11:35:49,895 [zio-default-async-5] DEBUG a.f.a.t.b.t.TransitionExecutorImpl - Step #6, transition #4
2026-07-08T11:35:49,895 [zio-default-async-5] DEBUG a.f.a.t.b.t.TransitionExecutorImpl - Translating to SMT
2026-07-08T11:35:49,902 [zio-default-async-5] DEBUG a.f.a.t.b.SeqModelChecker - Step 6: Transition #4. Is it enabled?
2026-07-08T11:35:49,970 [zio-default-async-5] DEBUG a.f.a.t.b.SeqModelChecker - Step 6: Transition #4 is enabled
2026-07-08T11:35:49,970 [zio-default-async-5] INFO  a.f.a.t.b.SeqModelChecker - State 6: Checking 5 state invariants
2026-07-08T11:35:49,970 [zio-default-async-5] DEBUG a.f.a.t.b.SeqModelChecker - State 6: Checking state invariant 0
2026-07-08T11:35:50,194 [zio-default-async-5] INFO  a.f.a.t.b.SeqModelChecker - State 6: state invariant 0 holds.
2026-07-08T11:35:50,195 [zio-default-async-5] DEBUG a.f.a.t.b.SeqModelChecker - State 6: Checking state invariant 1
2026-07-08T11:35:50,354 [zio-default-async-5] INFO  a.f.a.t.b.SeqModelChecker - State 6: state invariant 1 holds.
2026-07-08T11:35:50,355 [zio-default-async-5] DEBUG a.f.a.t.b.SeqModelChecker - State 6: Checking state invariant 4
2026-07-08T11:35:50,706 [zio-default-async-5] INFO  a.f.a.t.b.SeqModelChecker - State 6: state invariant 4 holds.
2026-07-08T11:35:50,708 [zio-default-async-5] DEBUG a.f.a.t.b.SeqModelChecker - State 6: Checking state invariant 5
2026-07-08T11:35:50,770 [zio-default-async-5] INFO  a.f.a.t.b.SeqModelChecker - State 6: state invariant 5 holds.
2026-07-08T11:35:50,770 [zio-default-async-5] DEBUG a.f.a.t.b.SeqModelChecker - State 6: Checking state invariant 7
2026-07-08T11:35:51,152 [zio-default-async-5] INFO  a.f.a.t.b.SeqModelChecker - State 6: state invariant 7 holds.
2026-07-08T11:35:51,154 [zio-default-async-5] DEBUG a.f.a.t.b.t.TransitionExecutorImpl - Step #6, transition #5
2026-07-08T11:35:51,154 [zio-default-async-5] DEBUG a.f.a.t.b.t.TransitionExecutorImpl - Translating to SMT
2026-07-08T11:35:51,237 [zio-default-async-5] DEBUG a.f.a.t.b.SeqModelChecker - Step 6: Transition #5. Is it enabled?
2026-07-08T11:35:51,358 [zio-default-async-5] DEBUG a.f.a.t.b.SeqModelChecker - Step 6: Transition #5 is enabled
2026-07-08T11:35:51,358 [zio-default-async-5] INFO  a.f.a.t.b.SeqModelChecker - State 6: Checking 5 state invariants
2026-07-08T11:35:51,358 [zio-default-async-5] DEBUG a.f.a.t.b.SeqModelChecker - State 6: Checking state invariant 0
2026-07-08T11:35:51,756 [zio-default-async-5] INFO  a.f.a.t.b.SeqModelChecker - State 6: state invariant 0 holds.
2026-07-08T11:35:51,758 [zio-default-async-5] DEBUG a.f.a.t.b.SeqModelChecker - State 6: Checking state invariant 1
2026-07-08T11:35:52,133 [zio-default-async-5] INFO  a.f.a.t.b.SeqModelChecker - State 6: state invariant 1 holds.
2026-07-08T11:35:52,134 [zio-default-async-5] DEBUG a.f.a.t.b.SeqModelChecker - State 6: Checking state invariant 2
2026-07-08T11:35:52,147 [zio-default-async-5] INFO  a.f.a.t.b.SeqModelChecker - State 6: state invariant 2 holds.
2026-07-08T11:35:52,148 [zio-default-async-5] DEBUG a.f.a.t.b.SeqModelChecker - State 6: Checking state invariant 3
2026-07-08T11:35:52,262 [zio-default-async-5] INFO  a.f.a.t.b.SeqModelChecker - State 6: state invariant 3 holds.
2026-07-08T11:35:52,263 [zio-default-async-5] DEBUG a.f.a.t.b.SeqModelChecker - State 6: Checking state invariant 4
2026-07-08T11:35:52,795 [zio-default-async-5] INFO  a.f.a.t.b.SeqModelChecker - State 6: state invariant 4 holds.
2026-07-08T11:35:52,797 [zio-default-async-5] DEBUG a.f.a.t.b.t.TransitionExecutorImpl - Step #6, transition #6
2026-07-08T11:35:52,797 [zio-default-async-5] DEBUG a.f.a.t.b.t.TransitionExecutorImpl - Translating to SMT
2026-07-08T11:35:52,811 [zio-default-async-5] DEBUG a.f.a.t.b.SeqModelChecker - Step 6: Transition #6. Is it enabled?
2026-07-08T11:35:52,842 [zio-default-async-5] INFO  a.f.a.t.b.SeqModelChecker - Step 6: Transition #6 is disabled
2026-07-08T11:35:52,843 [zio-default-async-5] DEBUG a.f.a.t.b.t.TransitionExecutorImpl - Step #6, transition #7
2026-07-08T11:35:52,843 [zio-default-async-5] DEBUG a.f.a.t.b.t.TransitionExecutorImpl - Translating to SMT
2026-07-08T11:35:52,851 [zio-default-async-5] DEBUG a.f.a.t.b.SeqModelChecker - Step 6: Transition #7. Is it enabled?
2026-07-08T11:35:52,970 [zio-default-async-5] DEBUG a.f.a.t.b.SeqModelChecker - Step 6: Transition #7 is enabled
2026-07-08T11:35:52,970 [zio-default-async-5] INFO  a.f.a.t.b.SeqModelChecker - State 6: Checking 5 state invariants
2026-07-08T11:35:52,970 [zio-default-async-5] DEBUG a.f.a.t.b.SeqModelChecker - State 6: Checking state invariant 0
2026-07-08T11:35:53,244 [zio-default-async-5] INFO  a.f.a.t.b.SeqModelChecker - State 6: state invariant 0 holds.
2026-07-08T11:35:53,245 [zio-default-async-5] DEBUG a.f.a.t.b.SeqModelChecker - State 6: Checking state invariant 1
2026-07-08T11:35:53,470 [zio-default-async-5] INFO  a.f.a.t.b.SeqModelChecker - State 6: state invariant 1 holds.
2026-07-08T11:35:53,471 [zio-default-async-5] DEBUG a.f.a.t.b.SeqModelChecker - State 6: Checking state invariant 4
2026-07-08T11:35:53,886 [zio-default-async-5] INFO  a.f.a.t.b.SeqModelChecker - State 6: state invariant 4 holds.
2026-07-08T11:35:53,888 [zio-default-async-5] DEBUG a.f.a.t.b.SeqModelChecker - State 6: Checking state invariant 5
2026-07-08T11:35:53,942 [zio-default-async-5] INFO  a.f.a.t.b.SeqModelChecker - State 6: state invariant 5 holds.
2026-07-08T11:35:53,942 [zio-default-async-5] DEBUG a.f.a.t.b.SeqModelChecker - State 6: Checking state invariant 7
2026-07-08T11:35:53,943 [zio-default-async-5] INFO  a.f.a.t.b.SeqModelChecker - State 6: state invariant 7 holds.
2026-07-08T11:35:53,944 [zio-default-async-5] DEBUG a.f.a.t.b.t.TransitionExecutorImpl - Step #6, transition #8
2026-07-08T11:35:53,944 [zio-default-async-5] DEBUG a.f.a.t.b.t.TransitionExecutorImpl - Translating to SMT
2026-07-08T11:35:53,972 [zio-default-async-5] DEBUG a.f.a.t.b.SeqModelChecker - Step 6: Transition #8. Is it enabled?
2026-07-08T11:35:54,108 [zio-default-async-5] DEBUG a.f.a.t.b.SeqModelChecker - Step 6: Transition #8 is enabled
2026-07-08T11:35:54,109 [zio-default-async-5] INFO  a.f.a.t.b.SeqModelChecker - State 6: Checking 3 state invariants
2026-07-08T11:35:54,109 [zio-default-async-5] DEBUG a.f.a.t.b.SeqModelChecker - State 6: Checking state invariant 2
2026-07-08T11:35:54,127 [zio-default-async-5] INFO  a.f.a.t.b.SeqModelChecker - State 6: state invariant 2 holds.
2026-07-08T11:35:54,128 [zio-default-async-5] DEBUG a.f.a.t.b.SeqModelChecker - State 6: Checking state invariant 3
2026-07-08T11:35:54,230 [zio-default-async-5] INFO  a.f.a.t.b.SeqModelChecker - State 6: state invariant 3 holds.
2026-07-08T11:35:54,231 [zio-default-async-5] DEBUG a.f.a.t.b.SeqModelChecker - State 6: Checking state invariant 4
2026-07-08T11:35:54,399 [zio-default-async-5] INFO  a.f.a.t.b.SeqModelChecker - State 6: state invariant 4 holds.
2026-07-08T11:35:54,403 [zio-default-async-5] INFO  a.f.a.t.b.t.TransitionExecutorImpl - Step 6: picking a transition out of 8 transition(s)
2026-07-08T11:35:54,436 [zio-default-async-5] DEBUG a.f.a.t.b.t.TransitionExecutorImpl - Step #7, transition #0
2026-07-08T11:35:54,436 [zio-default-async-5] DEBUG a.f.a.t.b.t.TransitionExecutorImpl - Translating to SMT
2026-07-08T11:35:54,436 [zio-default-async-5] DEBUG a.f.a.t.b.SeqModelChecker - Step 7: Transition #0. Is it enabled?
2026-07-08T11:35:54,518 [zio-default-async-5] DEBUG a.f.a.t.b.SeqModelChecker - Step 7: Transition #0 is enabled
2026-07-08T11:35:54,521 [zio-default-async-5] DEBUG a.f.a.t.b.t.TransitionExecutorImpl - Step #7, transition #1
2026-07-08T11:35:54,521 [zio-default-async-5] DEBUG a.f.a.t.b.t.TransitionExecutorImpl - Translating to SMT
2026-07-08T11:35:54,522 [zio-default-async-5] DEBUG a.f.a.t.b.SeqModelChecker - Step 7: Transition #1. Is it enabled?
2026-07-08T11:35:54,587 [zio-default-async-5] DEBUG a.f.a.t.b.SeqModelChecker - Step 7: Transition #1 is enabled
2026-07-08T11:35:54,590 [zio-default-async-5] DEBUG a.f.a.t.b.t.TransitionExecutorImpl - Step #7, transition #2
2026-07-08T11:35:54,590 [zio-default-async-5] DEBUG a.f.a.t.b.t.TransitionExecutorImpl - Translating to SMT
2026-07-08T11:35:54,591 [zio-default-async-5] DEBUG a.f.a.t.b.SeqModelChecker - Step 7: Transition #2. Is it enabled?
2026-07-08T11:35:54,649 [zio-default-async-5] DEBUG a.f.a.t.b.SeqModelChecker - Step 7: Transition #2 is enabled
2026-07-08T11:35:54,651 [zio-default-async-5] DEBUG a.f.a.t.b.t.TransitionExecutorImpl - Step #7, transition #3
2026-07-08T11:35:54,651 [zio-default-async-5] DEBUG a.f.a.t.b.t.TransitionExecutorImpl - Translating to SMT
2026-07-08T11:35:54,729 [zio-default-async-5] DEBUG a.f.a.t.b.SeqModelChecker - Step 7: Transition #3. Is it enabled?
2026-07-08T11:35:54,842 [zio-default-async-5] DEBUG a.f.a.t.b.SeqModelChecker - Step 7: Transition #3 is enabled
2026-07-08T11:35:54,842 [zio-default-async-5] INFO  a.f.a.t.b.SeqModelChecker - State 7: Checking 3 state invariants
2026-07-08T11:35:54,842 [zio-default-async-5] DEBUG a.f.a.t.b.SeqModelChecker - State 7: Checking state invariant 2
2026-07-08T11:35:54,904 [zio-default-async-5] INFO  a.f.a.t.b.SeqModelChecker - State 7: state invariant 2 holds.
2026-07-08T11:35:54,905 [zio-default-async-5] DEBUG a.f.a.t.b.SeqModelChecker - State 7: Checking state invariant 3
2026-07-08T11:35:55,711 [zio-default-async-5] INFO  a.f.a.t.b.SeqModelChecker - State 7: state invariant 3 holds.
2026-07-08T11:35:55,714 [zio-default-async-5] DEBUG a.f.a.t.b.SeqModelChecker - State 7: Checking state invariant 4
2026-07-08T11:35:59,870 [zio-default-async-5] INFO  a.f.a.t.b.SeqModelChecker - State 7: state invariant 4 holds.
2026-07-08T11:35:59,874 [zio-default-async-5] DEBUG a.f.a.t.b.t.TransitionExecutorImpl - Step #7, transition #4
2026-07-08T11:35:59,874 [zio-default-async-5] DEBUG a.f.a.t.b.t.TransitionExecutorImpl - Translating to SMT
2026-07-08T11:35:59,884 [zio-default-async-5] DEBUG a.f.a.t.b.SeqModelChecker - Step 7: Transition #4. Is it enabled?
2026-07-08T11:36:00,151 [zio-default-async-5] DEBUG a.f.a.t.b.SeqModelChecker - Step 7: Transition #4 is enabled
2026-07-08T11:36:00,151 [zio-default-async-5] INFO  a.f.a.t.b.SeqModelChecker - State 7: Checking 5 state invariants
2026-07-08T11:36:00,152 [zio-default-async-5] DEBUG a.f.a.t.b.SeqModelChecker - State 7: Checking state invariant 0
2026-07-08T11:36:02,019 [zio-default-async-5] INFO  a.f.a.t.b.SeqModelChecker - State 7: state invariant 0 holds.
2026-07-08T11:36:02,022 [zio-default-async-5] DEBUG a.f.a.t.b.SeqModelChecker - State 7: Checking state invariant 1
2026-07-08T11:36:04,322 [zio-default-async-5] INFO  a.f.a.t.b.SeqModelChecker - State 7: state invariant 1 holds.
2026-07-08T11:36:04,325 [zio-default-async-5] DEBUG a.f.a.t.b.SeqModelChecker - State 7: Checking state invariant 4
2026-07-08T11:36:06,516 [zio-default-async-5] INFO  a.f.a.t.b.SeqModelChecker - State 7: state invariant 4 holds.
2026-07-08T11:36:06,519 [zio-default-async-5] DEBUG a.f.a.t.b.SeqModelChecker - State 7: Checking state invariant 5
2026-07-08T11:36:06,668 [zio-default-async-5] INFO  a.f.a.t.b.SeqModelChecker - State 7: state invariant 5 holds.
2026-07-08T11:36:06,669 [zio-default-async-5] DEBUG a.f.a.t.b.SeqModelChecker - State 7: Checking state invariant 7
2026-07-08T11:36:08,486 [zio-default-async-5] INFO  a.f.a.t.b.SeqModelChecker - State 7: state invariant 7 holds.
2026-07-08T11:36:08,489 [zio-default-async-5] DEBUG a.f.a.t.b.t.TransitionExecutorImpl - Step #7, transition #5
2026-07-08T11:36:08,489 [zio-default-async-5] DEBUG a.f.a.t.b.t.TransitionExecutorImpl - Translating to SMT
2026-07-08T11:36:08,597 [zio-default-async-5] DEBUG a.f.a.t.b.SeqModelChecker - Step 7: Transition #5. Is it enabled?
2026-07-08T11:36:09,464 [zio-default-async-5] DEBUG a.f.a.t.b.SeqModelChecker - Step 7: Transition #5 is enabled
2026-07-08T11:36:09,464 [zio-default-async-5] INFO  a.f.a.t.b.SeqModelChecker - State 7: Checking 5 state invariants
2026-07-08T11:36:09,464 [zio-default-async-5] DEBUG a.f.a.t.b.SeqModelChecker - State 7: Checking state invariant 0
2026-07-08T11:36:11,863 [zio-default-async-5] INFO  a.f.a.t.b.SeqModelChecker - State 7: state invariant 0 holds.
2026-07-08T11:36:11,865 [zio-default-async-5] DEBUG a.f.a.t.b.SeqModelChecker - State 7: Checking state invariant 1
2026-07-08T11:36:16,568 [zio-default-async-5] INFO  a.f.a.t.b.SeqModelChecker - State 7: state invariant 1 holds.
2026-07-08T11:36:16,571 [zio-default-async-5] DEBUG a.f.a.t.b.SeqModelChecker - State 7: Checking state invariant 2
2026-07-08T11:36:16,612 [zio-default-async-5] INFO  a.f.a.t.b.SeqModelChecker - State 7: state invariant 2 holds.
2026-07-08T11:36:16,613 [zio-default-async-5] DEBUG a.f.a.t.b.SeqModelChecker - State 7: Checking state invariant 3
2026-07-08T11:36:17,716 [zio-default-async-5] INFO  a.f.a.t.b.SeqModelChecker - State 7: state invariant 3 holds.
2026-07-08T11:36:17,718 [zio-default-async-5] DEBUG a.f.a.t.b.SeqModelChecker - State 7: Checking state invariant 4
2026-07-08T11:36:21,981 [zio-default-async-5] INFO  a.f.a.t.b.SeqModelChecker - State 7: state invariant 4 holds.
2026-07-08T11:36:21,987 [zio-default-async-5] DEBUG a.f.a.t.b.t.TransitionExecutorImpl - Step #7, transition #6
2026-07-08T11:36:21,987 [zio-default-async-5] DEBUG a.f.a.t.b.t.TransitionExecutorImpl - Translating to SMT
2026-07-08T11:36:22,010 [zio-default-async-5] DEBUG a.f.a.t.b.SeqModelChecker - Step 7: Transition #6. Is it enabled?
2026-07-08T11:36:22,167 [zio-default-async-5] INFO  a.f.a.t.b.SeqModelChecker - Step 7: Transition #6 is disabled
2026-07-08T11:36:22,169 [zio-default-async-5] DEBUG a.f.a.t.b.t.TransitionExecutorImpl - Step #7, transition #7
2026-07-08T11:36:22,169 [zio-default-async-5] DEBUG a.f.a.t.b.t.TransitionExecutorImpl - Translating to SMT
2026-07-08T11:36:22,178 [zio-default-async-5] DEBUG a.f.a.t.b.SeqModelChecker - Step 7: Transition #7. Is it enabled?
2026-07-08T11:36:22,894 [zio-default-async-5] DEBUG a.f.a.t.b.SeqModelChecker - Step 7: Transition #7 is enabled
2026-07-08T11:36:22,894 [zio-default-async-5] INFO  a.f.a.t.b.SeqModelChecker - State 7: Checking 5 state invariants
2026-07-08T11:36:22,894 [zio-default-async-5] DEBUG a.f.a.t.b.SeqModelChecker - State 7: Checking state invariant 0
2026-07-08T11:36:25,071 [zio-default-async-5] INFO  a.f.a.t.b.SeqModelChecker - State 7: state invariant 0 holds.
2026-07-08T11:36:25,074 [zio-default-async-5] DEBUG a.f.a.t.b.SeqModelChecker - State 7: Checking state invariant 1
2026-07-08T11:36:27,790 [zio-default-async-5] INFO  a.f.a.t.b.SeqModelChecker - State 7: state invariant 1 holds.
2026-07-08T11:36:27,794 [zio-default-async-5] DEBUG a.f.a.t.b.SeqModelChecker - State 7: Checking state invariant 4
2026-07-08T11:36:30,065 [zio-default-async-5] INFO  a.f.a.t.b.SeqModelChecker - State 7: state invariant 4 holds.
2026-07-08T11:36:30,068 [zio-default-async-5] DEBUG a.f.a.t.b.SeqModelChecker - State 7: Checking state invariant 5
2026-07-08T11:36:30,342 [zio-default-async-5] INFO  a.f.a.t.b.SeqModelChecker - State 7: state invariant 5 holds.
2026-07-08T11:36:30,343 [zio-default-async-5] DEBUG a.f.a.t.b.SeqModelChecker - State 7: Checking state invariant 7
2026-07-08T11:36:30,344 [zio-default-async-5] INFO  a.f.a.t.b.SeqModelChecker - State 7: state invariant 7 holds.
2026-07-08T11:36:30,346 [zio-default-async-5] DEBUG a.f.a.t.b.t.TransitionExecutorImpl - Step #7, transition #8
2026-07-08T11:36:30,346 [zio-default-async-5] DEBUG a.f.a.t.b.t.TransitionExecutorImpl - Translating to SMT
2026-07-08T11:36:30,388 [zio-default-async-5] DEBUG a.f.a.t.b.SeqModelChecker - Step 7: Transition #8. Is it enabled?
2026-07-08T11:36:31,113 [zio-default-async-5] DEBUG a.f.a.t.b.SeqModelChecker - Step 7: Transition #8 is enabled
2026-07-08T11:36:31,113 [zio-default-async-5] INFO  a.f.a.t.b.SeqModelChecker - State 7: Checking 3 state invariants
2026-07-08T11:36:31,113 [zio-default-async-5] DEBUG a.f.a.t.b.SeqModelChecker - State 7: Checking state invariant 2
2026-07-08T11:36:31,199 [zio-default-async-5] INFO  a.f.a.t.b.SeqModelChecker - State 7: state invariant 2 holds.
2026-07-08T11:36:31,200 [zio-default-async-5] DEBUG a.f.a.t.b.SeqModelChecker - State 7: Checking state invariant 3
2026-07-08T11:36:31,534 [zio-default-async-5] INFO  a.f.a.t.b.SeqModelChecker - State 7: state invariant 3 holds.
2026-07-08T11:36:31,536 [zio-default-async-5] DEBUG a.f.a.t.b.SeqModelChecker - State 7: Checking state invariant 4
2026-07-08T11:36:31,886 [zio-default-async-5] INFO  a.f.a.t.b.SeqModelChecker - State 7: state invariant 4 holds.
2026-07-08T11:36:31,890 [zio-default-async-5] INFO  a.f.a.t.b.t.TransitionExecutorImpl - Step 7: picking a transition out of 8 transition(s)
2026-07-08T11:36:31,922 [zio-default-async-5] DEBUG a.f.a.t.b.t.TransitionExecutorImpl - Step #8, transition #0
2026-07-08T11:36:31,922 [zio-default-async-5] DEBUG a.f.a.t.b.t.TransitionExecutorImpl - Translating to SMT
2026-07-08T11:36:31,923 [zio-default-async-5] DEBUG a.f.a.t.b.SeqModelChecker - Step 8: Transition #0. Is it enabled?
2026-07-08T11:36:32,425 [zio-default-async-5] DEBUG a.f.a.t.b.SeqModelChecker - Step 8: Transition #0 is enabled
2026-07-08T11:36:32,430 [zio-default-async-5] DEBUG a.f.a.t.b.t.TransitionExecutorImpl - Step #8, transition #1
2026-07-08T11:36:32,430 [zio-default-async-5] DEBUG a.f.a.t.b.t.TransitionExecutorImpl - Translating to SMT
2026-07-08T11:36:32,431 [zio-default-async-5] DEBUG a.f.a.t.b.SeqModelChecker - Step 8: Transition #1. Is it enabled?
2026-07-08T11:36:32,554 [zio-default-async-5] DEBUG a.f.a.t.b.SeqModelChecker - Step 8: Transition #1 is enabled
2026-07-08T11:36:32,558 [zio-default-async-5] DEBUG a.f.a.t.b.t.TransitionExecutorImpl - Step #8, transition #2
2026-07-08T11:36:32,558 [zio-default-async-5] DEBUG a.f.a.t.b.t.TransitionExecutorImpl - Translating to SMT
2026-07-08T11:36:32,558 [zio-default-async-5] DEBUG a.f.a.t.b.SeqModelChecker - Step 8: Transition #2. Is it enabled?
2026-07-08T11:36:32,735 [zio-default-async-5] DEBUG a.f.a.t.b.SeqModelChecker - Step 8: Transition #2 is enabled
2026-07-08T11:36:32,740 [zio-default-async-5] DEBUG a.f.a.t.b.t.TransitionExecutorImpl - Step #8, transition #3
2026-07-08T11:36:32,740 [zio-default-async-5] DEBUG a.f.a.t.b.t.TransitionExecutorImpl - Translating to SMT
2026-07-08T11:36:32,845 [zio-default-async-5] DEBUG a.f.a.t.b.SeqModelChecker - Step 8: Transition #3. Is it enabled?
2026-07-08T11:36:32,964 [zio-default-async-5] DEBUG a.f.a.t.b.SeqModelChecker - Step 8: Transition #3 is enabled
2026-07-08T11:36:32,964 [zio-default-async-5] INFO  a.f.a.t.b.SeqModelChecker - State 8: Checking 3 state invariants
2026-07-08T11:36:32,964 [zio-default-async-5] DEBUG a.f.a.t.b.SeqModelChecker - State 8: Checking state invariant 2
2026-07-08T11:36:33,076 [zio-default-async-5] INFO  a.f.a.t.b.SeqModelChecker - State 8: state invariant 2 holds.
2026-07-08T11:36:33,077 [zio-default-async-5] DEBUG a.f.a.t.b.SeqModelChecker - State 8: Checking state invariant 3
2026-07-08T11:36:39,245 [zio-default-async-5] INFO  a.f.a.t.b.SeqModelChecker - State 8: state invariant 3 holds.
2026-07-08T11:36:39,249 [zio-default-async-5] DEBUG a.f.a.t.b.SeqModelChecker - State 8: Checking state invariant 4
2026-07-08T11:37:03,474 [zio-default-async-5] INFO  a.f.a.t.b.SeqModelChecker - State 8: state invariant 4 holds.
2026-07-08T11:37:03,484 [zio-default-async-5] DEBUG a.f.a.t.b.t.TransitionExecutorImpl - Step #8, transition #4
2026-07-08T11:37:03,484 [zio-default-async-5] DEBUG a.f.a.t.b.t.TransitionExecutorImpl - Translating to SMT
2026-07-08T11:37:03,494 [zio-default-async-5] DEBUG a.f.a.t.b.SeqModelChecker - Step 8: Transition #4. Is it enabled?
2026-07-08T11:37:04,210 [zio-default-async-5] DEBUG a.f.a.t.b.SeqModelChecker - Step 8: Transition #4 is enabled
2026-07-08T11:37:04,210 [zio-default-async-5] INFO  a.f.a.t.b.SeqModelChecker - State 8: Checking 5 state invariants
2026-07-08T11:37:04,210 [zio-default-async-5] DEBUG a.f.a.t.b.SeqModelChecker - State 8: Checking state invariant 0
2026-07-08T11:37:16,338 [zio-default-async-5] INFO  a.f.a.t.b.SeqModelChecker - State 8: state invariant 0 holds.
2026-07-08T11:37:16,343 [zio-default-async-5] DEBUG a.f.a.t.b.SeqModelChecker - State 8: Checking state invariant 1
2026-07-08T11:37:31,200 [zio-default-async-5] INFO  a.f.a.t.b.SeqModelChecker - State 8: state invariant 1 holds.
2026-07-08T11:37:31,205 [zio-default-async-5] DEBUG a.f.a.t.b.SeqModelChecker - State 8: Checking state invariant 4
2026-07-08T11:37:46,338 [zio-default-async-5] INFO  a.f.a.t.b.SeqModelChecker - State 8: state invariant 4 holds.
2026-07-08T11:37:46,344 [zio-default-async-5] DEBUG a.f.a.t.b.SeqModelChecker - State 8: Checking state invariant 5
2026-07-08T11:37:47,127 [zio-default-async-5] INFO  a.f.a.t.b.SeqModelChecker - State 8: state invariant 5 holds.
2026-07-08T11:37:47,128 [zio-default-async-5] DEBUG a.f.a.t.b.SeqModelChecker - State 8: Checking state invariant 7
2026-07-08T11:37:57,943 [zio-default-async-5] INFO  a.f.a.t.b.SeqModelChecker - State 8: state invariant 7 holds.
2026-07-08T11:37:57,949 [zio-default-async-5] DEBUG a.f.a.t.b.t.TransitionExecutorImpl - Step #8, transition #5
2026-07-08T11:37:57,949 [zio-default-async-5] DEBUG a.f.a.t.b.t.TransitionExecutorImpl - Translating to SMT
2026-07-08T11:37:58,075 [zio-default-async-5] DEBUG a.f.a.t.b.SeqModelChecker - Step 8: Transition #5. Is it enabled?
2026-07-08T11:38:00,808 [zio-default-async-5] DEBUG a.f.a.t.b.SeqModelChecker - Step 8: Transition #5 is enabled
2026-07-08T11:38:00,809 [zio-default-async-5] INFO  a.f.a.t.b.SeqModelChecker - State 8: Checking 5 state invariants
2026-07-08T11:38:00,809 [zio-default-async-5] DEBUG a.f.a.t.b.SeqModelChecker - State 8: Checking state invariant 0
2026-07-08T11:38:21,821 [zio-default-async-5] INFO  a.f.a.t.b.SeqModelChecker - State 8: state invariant 0 holds.
2026-07-08T11:38:21,827 [zio-default-async-5] DEBUG a.f.a.t.b.SeqModelChecker - State 8: Checking state invariant 1
2026-07-08T11:39:01,615 [zio-default-async-5] INFO  a.f.a.t.b.SeqModelChecker - State 8: state invariant 1 holds.
2026-07-08T11:39:01,623 [zio-default-async-5] DEBUG a.f.a.t.b.SeqModelChecker - State 8: Checking state invariant 2
2026-07-08T11:39:01,762 [zio-default-async-5] INFO  a.f.a.t.b.SeqModelChecker - State 8: state invariant 2 holds.
2026-07-08T11:39:01,763 [zio-default-async-5] DEBUG a.f.a.t.b.SeqModelChecker - State 8: Checking state invariant 3
2026-07-08T11:39:07,034 [zio-default-async-5] INFO  a.f.a.t.b.SeqModelChecker - State 8: state invariant 3 holds.
2026-07-08T11:39:07,036 [zio-default-async-5] DEBUG a.f.a.t.b.SeqModelChecker - State 8: Checking state invariant 4
2026-07-08T11:39:34,037 [zio-default-async-5] INFO  a.f.a.t.b.SeqModelChecker - State 8: state invariant 4 holds.
2026-07-08T11:39:34,050 [zio-default-async-5] DEBUG a.f.a.t.b.t.TransitionExecutorImpl - Step #8, transition #6
2026-07-08T11:39:34,051 [zio-default-async-5] DEBUG a.f.a.t.b.t.TransitionExecutorImpl - Translating to SMT
2026-07-08T11:39:34,078 [zio-default-async-5] DEBUG a.f.a.t.b.SeqModelChecker - Step 8: Transition #6. Is it enabled?
2026-07-08T11:39:34,485 [zio-default-async-5] INFO  a.f.a.t.b.SeqModelChecker - Step 8: Transition #6 is disabled
2026-07-08T11:39:34,488 [zio-default-async-5] DEBUG a.f.a.t.b.t.TransitionExecutorImpl - Step #8, transition #7
2026-07-08T11:39:34,488 [zio-default-async-5] DEBUG a.f.a.t.b.t.TransitionExecutorImpl - Translating to SMT
2026-07-08T11:39:34,498 [zio-default-async-5] DEBUG a.f.a.t.b.SeqModelChecker - Step 8: Transition #7. Is it enabled?
2026-07-08T11:39:35,346 [zio-default-async-5] DEBUG a.f.a.t.b.SeqModelChecker - Step 8: Transition #7 is enabled
2026-07-08T11:39:35,346 [zio-default-async-5] INFO  a.f.a.t.b.SeqModelChecker - State 8: Checking 5 state invariants
2026-07-08T11:39:35,346 [zio-default-async-5] DEBUG a.f.a.t.b.SeqModelChecker - State 8: Checking state invariant 0
2026-07-08T11:40:00,494 [zio-default-async-5] INFO  a.f.a.t.b.SeqModelChecker - State 8: state invariant 0 holds.
2026-07-08T11:40:00,499 [zio-default-async-5] DEBUG a.f.a.t.b.SeqModelChecker - State 8: Checking state invariant 1
2026-07-08T11:40:28,116 [zio-default-async-5] INFO  a.f.a.t.b.SeqModelChecker - State 8: state invariant 1 holds.
2026-07-08T11:40:28,122 [zio-default-async-5] DEBUG a.f.a.t.b.SeqModelChecker - State 8: Checking state invariant 4
2026-07-08T11:40:43,491 [zio-default-async-5] INFO  a.f.a.t.b.SeqModelChecker - State 8: state invariant 4 holds.
2026-07-08T11:40:43,498 [zio-default-async-5] DEBUG a.f.a.t.b.SeqModelChecker - State 8: Checking state invariant 5
2026-07-08T11:40:44,658 [zio-default-async-5] INFO  a.f.a.t.b.SeqModelChecker - State 8: state invariant 5 holds.
2026-07-08T11:40:44,660 [zio-default-async-5] DEBUG a.f.a.t.b.SeqModelChecker - State 8: Checking state invariant 7
2026-07-08T11:40:44,660 [zio-default-async-5] INFO  a.f.a.t.b.SeqModelChecker - State 8: state invariant 7 holds.
2026-07-08T11:40:44,664 [zio-default-async-5] DEBUG a.f.a.t.b.t.TransitionExecutorImpl - Step #8, transition #8
2026-07-08T11:40:44,664 [zio-default-async-5] DEBUG a.f.a.t.b.t.TransitionExecutorImpl - Translating to SMT
2026-07-08T11:40:44,719 [zio-default-async-5] DEBUG a.f.a.t.b.SeqModelChecker - Step 8: Transition #8. Is it enabled?
2026-07-08T11:40:46,538 [zio-default-async-5] DEBUG a.f.a.t.b.SeqModelChecker - Step 8: Transition #8 is enabled
2026-07-08T11:40:46,539 [zio-default-async-5] INFO  a.f.a.t.b.SeqModelChecker - State 8: Checking 3 state invariants
2026-07-08T11:40:46,539 [zio-default-async-5] DEBUG a.f.a.t.b.SeqModelChecker - State 8: Checking state invariant 2
2026-07-08T11:40:46,717 [zio-default-async-5] INFO  a.f.a.t.b.SeqModelChecker - State 8: state invariant 2 holds.
2026-07-08T11:40:46,719 [zio-default-async-5] DEBUG a.f.a.t.b.SeqModelChecker - State 8: Checking state invariant 3
2026-07-08T11:40:49,628 [zio-default-async-5] INFO  a.f.a.t.b.SeqModelChecker - State 8: state invariant 3 holds.
2026-07-08T11:40:49,631 [zio-default-async-5] DEBUG a.f.a.t.b.SeqModelChecker - State 8: Checking state invariant 4
2026-07-08T11:40:52,811 [zio-default-async-5] INFO  a.f.a.t.b.SeqModelChecker - State 8: state invariant 4 holds.
2026-07-08T11:40:52,820 [zio-default-async-5] INFO  a.f.a.t.b.t.TransitionExecutorImpl - Step 8: picking a transition out of 8 transition(s)
2026-07-08T11:40:52,913 [zio-default-async-5] DEBUG a.f.a.t.b.s.Z3SolverContext - Disposing Z3 solver context 0
2026-07-08T11:40:52,940 [zio-default-async-5] INFO  a.f.a.t.b.p.BoundedCheckerPassImpl - The outcome is: NoError
2026-07-08T11:40:52,940 [zio-default-async-5] DEBUG a.f.a.i.p.PassChainExecutor - PASS #13: BoundedChecker [OK]
